[12:07:03:62] Log File created @D:/Users/sxlga/Documents/Studium/Master/Semester 3/AVRO Simulation/Assets\logs\2026-02-12-12-07.log
[12:07:04:57] Destroying Main Camera
[12:07:07:36] Destroying Main Camera
[12:07:11:52] loaded motivational message onto Screen
[12:07:18:50] switching to sub-state: Scenes.Simulation.Scripts.MissionSubState
[12:07:18:50] loaded mission W-23_S-1 onto Screen
[12:07:19:60] loaded mission W-14_S-1 onto Screen
[12:07:21:14] Mission W-14_S-1 Completed successfully
[12:07:21:14] loaded motivational message onto Screen
[12:07:21:14] loaded motivational message onto Screen
[12:07:22:30] loaded mission W-34_S-1 onto Screen
[12:07:23:67] Mission W-34_S-1 Completed unsuccessfully
[12:07:23:67] loaded motivational message onto Screen
[12:07:23:67] loaded motivational message onto Screen
[12:07:24:33] loaded mission W-23_S-1 onto Screen
[12:07:25:56] Mission W-23_S-1 Completed successfully
[12:07:25:57] loaded motivational message onto Screen
[12:07:25:57] loaded motivational message onto Screen
[12:07:27:62] loaded mission W-31_S-1 onto Screen
[12:07:28:67] Mission W-31_S-1 Completed successfully
[12:07:28:67] loaded motivational message onto Screen
[12:07:28:67] loaded motivational message onto Screen
