[02:20:26:83] Log File created @D:/Users/sxlga/Documents/Studium/Master/Semester 3/AVRO Simulation/Assets\logs\2026-02-12-14-20.log
[02:20:27:84] Destroying Main Camera
[02:20:31:39] Destroying Main Camera
[02:20:45:75] switching to sub-state: Scenes.Simulation.Scripts.MissionSubState
[02:20:45:75] loaded mission W-46_S-1 onto Screen
[02:20:47:40] switching to sub-state: Scenes.Simulation.Scripts.MissionSubState
[02:20:47:94] switching to sub-state: Scenes.Simulation.Scripts.MissionSubState
[02:20:48:47] switching to sub-state: Scenes.Simulation.Scripts.MissionSubState
[02:20:48:97] switching to sub-state: Scenes.Simulation.Scripts.MissionSubState
[02:20:49:84] Mission W-46_S-1 Completed unsuccessfully
[02:20:53:11] loaded mission W-51_S-1 onto Screen
[02:20:54:48] switching to sub-state: Scenes.Simulation.Scripts.MissionSubState
[02:20:55:36] switching to sub-state: Scenes.Simulation.Scripts.MissionSubState
[02:20:56:11] switching to sub-state: Scenes.Simulation.Scripts.MissionSubState
[02:20:56:60] switching to sub-state: Scenes.Simulation.Scripts.MissionSubState
[02:20:57:30] switching to sub-state: Scenes.Simulation.Scripts.MissionSubState
[02:20:59:09] Mission W-51_S-1 Completed unsuccessfully
[02:21:00:77] switching to sub-state: Scenes.Simulation.Scripts.MissionSubState
[02:21:01:30] switching to sub-state: Scenes.Simulation.Scripts.MissionSubState
[02:21:03:00] switching to sub-state: Scenes.Simulation.Scripts.MissionSubState
[02:21:03:00] loaded mission W-29_S-1 onto Screen
[02:21:06:25] Mission W-29_S-1 Completed successfully
[02:21:13:03] loaded mission W-58_S-1 onto Screen
[02:21:14:50] switching to sub-state: Scenes.Simulation.Scripts.MissionSubState
[02:21:14:87] switching to sub-state: Scenes.Simulation.Scripts.MissionSubState
[02:21:15:33] switching to sub-state: Scenes.Simulation.Scripts.MissionSubState
[02:21:15:73] switching to sub-state: Scenes.Simulation.Scripts.MissionSubState
[02:21:16:06] switching to sub-state: Scenes.Simulation.Scripts.MissionSubState
[02:21:20:95] switching to sub-state: Scenes.Simulation.Scripts.MissionSubState
[02:21:21:55] switching to sub-state: Scenes.Simulation.Scripts.MissionSubState
[02:21:22:03] switching to sub-state: Scenes.Simulation.Scripts.MissionSubState
