[01:25:49:79] Log File created @D:/Users/sxlga/Documents/Studium/Master/Semester 3/AVRO Simulation/Assets\logs\2026-02-11-13-25.log
[01:25:50:59] switching to sub-state: Scenes.Simulation.Scripts.MissionSubState
[01:25:50:59] loaded mission W-51_S-1 onto Screen
[01:25:54:50] Mission W-51_S-1 Completed successfully
[01:25:54:52] loaded motivational message onto Screen
[01:25:57:71] loaded mission W-9_S-1 onto Screen
[01:26:04:18] loaded mission W-44_S-1 onto Screen
[01:26:04:68] loaded mission W-9_S-1 onto Screen
[01:26:05:12] loaded mission W-44_S-1 onto Screen
[01:26:05:69] loaded mission W-9_S-1 onto Screen
[01:26:06:13] loaded mission W-44_S-1 onto Screen
[01:26:06:56] loaded mission W-9_S-1 onto Screen
[01:26:07:17] loaded mission W-44_S-1 onto Screen
[01:26:08:18] loaded mission W-9_S-1 onto Screen
[01:26:08:58] loaded mission W-44_S-1 onto Screen
[01:26:08:99] loaded mission W-5_S-1 onto Screen
[01:26:09:84] loaded mission W-44_S-1 onto Screen
[01:26:10:23] loaded mission W-9_S-1 onto Screen
[01:26:10:62] loaded mission W-44_S-1 onto Screen
[01:26:10:98] loaded mission W-5_S-1 onto Screen
[01:26:11:50] loaded mission W-44_S-1 onto Screen
[01:26:12:02] loaded mission W-9_S-1 onto Screen
[01:26:12:40] loaded mission W-44_S-1 onto Screen
[01:26:12:84] loaded mission W-5_S-1 onto Screen
[01:26:13:25] loaded mission W-44_S-1 onto Screen
[01:26:14:14] loaded mission W-9_S-1 onto Screen
[01:26:14:86] loaded mission W-44_S-1 onto Screen
[01:26:15:26] loaded mission W-23_S-1 onto Screen
[01:26:15:65] loaded mission W-5_S-1 onto Screen
[01:26:16:03] loaded mission W-9_S-1 onto Screen
[01:26:17:88] switching to sub-state: Scenes.Simulation.Scripts.MissionSubState
[01:26:18:70] switching to sub-state: Scenes.Simulation.Scripts.MissionSubState
[01:26:19:14] switching to sub-state: Scenes.Simulation.Scripts.MissionSubState
[01:26:19:57] switching to sub-state: Scenes.Simulation.Scripts.MissionSubState
