[11:45:44:02] Log File created @D:/Users/sxlga/Documents/Studium/Master/Semester 3/AVRO Simulation/Assets\logs\2026-02-11-11-45.log
[11:45:44:75] loaded mission W-17_S-1 onto Screen
[11:45:59:32] switching to sub-state: Scenes.Simulation.Scripts.MissionSubState
[11:46:00:02] switching to sub-state: Scenes.Simulation.Scripts.MissionSubState
[11:46:00:56] switching to sub-state: Scenes.Simulation.Scripts.MissionSubState
[11:46:01:02] switching to sub-state: Scenes.Simulation.Scripts.MissionSubState
[11:46:01:45] switching to sub-state: Scenes.Simulation.Scripts.MissionSubState
[11:46:01:97] switching to sub-state: Scenes.Simulation.Scripts.MissionSubState
[11:46:02:39] switching to sub-state: Scenes.Simulation.Scripts.MissionSubState
[11:46:02:78] switching to sub-state: Scenes.Simulation.Scripts.MissionSubState
[11:46:03:16] switching to sub-state: Scenes.Simulation.Scripts.MissionSubState
[11:46:03:73] switching to sub-state: Scenes.Simulation.Scripts.MissionSubState
[11:46:04:19] switching to sub-state: Scenes.Simulation.Scripts.MissionSubState
[11:46:05:39] switching to sub-state: Scenes.Simulation.Scripts.MissionSubState
[11:46:06:00] switching to sub-state: Scenes.Simulation.Scripts.MissionSubState
[11:46:10:77] switching to sub-state: Scenes.Simulation.Scripts.MissionSubState
[11:46:10:77] loaded mission W-60_S-1 onto Screen
[11:46:10:77] loaded mission W-60_S-1 onto Screen
[11:46:12:12] loaded mission W-34_S-1 onto Screen
[11:46:12:12] loaded mission W-34_S-1 onto Screen
[11:46:12:12] loaded mission W-34_S-1 onto Screen
[11:46:12:63] loaded mission W-60_S-1 onto Screen
[11:46:12:63] loaded mission W-60_S-1 onto Screen
[11:46:12:63] loaded mission W-60_S-1 onto Screen
[11:46:13:03] loaded mission W-17_S-2 onto Screen
[11:46:13:03] loaded mission W-17_S-2 onto Screen
[11:46:13:03] loaded mission W-17_S-2 onto Screen
[11:46:13:50] loaded mission W-60_S-1 onto Screen
[11:46:13:50] loaded mission W-60_S-1 onto Screen
[11:46:13:50] loaded mission W-60_S-1 onto Screen
[11:46:13:87] loaded mission W-34_S-1 onto Screen
[11:46:13:87] loaded mission W-34_S-1 onto Screen
[11:46:13:87] loaded mission W-34_S-1 onto Screen
[11:46:14:25] loaded mission W-60_S-1 onto Screen
[11:46:14:25] loaded mission W-60_S-1 onto Screen
[11:46:14:25] loaded mission W-60_S-1 onto Screen
[11:46:14:56] loaded mission W-17_S-2 onto Screen
[11:46:14:56] loaded mission W-17_S-2 onto Screen
[11:46:14:56] loaded mission W-17_S-2 onto Screen
[11:46:15:76] Mission W-17_S-1 Completed unsuccessfully
[11:46:15:76] loaded mission W-34_S-1 onto Screen
[11:46:16:76] loaded mission W-17_S-2 onto Screen
[11:46:16:76] loaded mission W-17_S-2 onto Screen
[11:46:16:76] loaded mission W-17_S-2 onto Screen
[11:46:16:76] loaded mission W-17_S-2 onto Screen
[11:46:17:15] loaded mission W-23_S-1 onto Screen
[11:46:17:15] loaded mission W-23_S-1 onto Screen
[11:46:17:15] loaded mission W-23_S-1 onto Screen
[11:46:17:15] loaded mission W-23_S-1 onto Screen
[11:46:18:64] loaded mission W-17_S-2 onto Screen
[11:46:18:64] loaded mission W-17_S-2 onto Screen
[11:46:18:64] loaded mission W-17_S-2 onto Screen
[11:46:18:64] loaded mission W-17_S-2 onto Screen
[11:46:19:19] loaded mission W-60_S-1 onto Screen
[11:46:19:19] loaded mission W-60_S-1 onto Screen
[11:46:19:19] loaded mission W-60_S-1 onto Screen
[11:46:19:19] loaded mission W-60_S-1 onto Screen
[11:46:19:78] loaded mission W-23_S-1 onto Screen
[11:46:19:78] loaded mission W-23_S-1 onto Screen
[11:46:19:78] loaded mission W-23_S-1 onto Screen
[11:46:19:78] loaded mission W-23_S-1 onto Screen
[11:46:20:28] loaded mission W-17_S-2 onto Screen
[11:46:20:28] loaded mission W-17_S-2 onto Screen
[11:46:20:28] loaded mission W-17_S-2 onto Screen
[11:46:20:28] loaded mission W-17_S-2 onto Screen
[11:46:20:72] loaded mission W-60_S-1 onto Screen
[11:46:20:72] loaded mission W-60_S-1 onto Screen
[11:46:20:73] loaded mission W-60_S-1 onto Screen
[11:46:20:73] loaded mission W-60_S-1 onto Screen
[11:46:22:07] loaded mission W-17_S-2 onto Screen
[11:46:22:07] loaded mission W-17_S-2 onto Screen
[11:46:22:07] loaded mission W-17_S-2 onto Screen
[11:46:22:07] loaded mission W-17_S-2 onto Screen
[11:46:22:07] loaded mission W-17_S-2 onto Screen
[11:46:22:46] loaded mission W-14_S-2 onto Screen
[11:46:22:47] loaded mission W-14_S-2 onto Screen
[11:46:22:47] loaded mission W-14_S-2 onto Screen
[11:46:22:47] loaded mission W-14_S-2 onto Screen
[11:46:22:47] loaded mission W-14_S-2 onto Screen
[11:46:23:20] loaded mission W-23_S-1 onto Screen
[11:46:23:20] loaded mission W-23_S-1 onto Screen
[11:46:23:20] loaded mission W-23_S-1 onto Screen
[11:46:23:20] loaded mission W-23_S-1 onto Screen
[11:46:23:20] loaded mission W-23_S-1 onto Screen
[11:46:23:59] loaded mission W-60_S-1 onto Screen
[11:46:23:59] loaded mission W-60_S-1 onto Screen
[11:46:23:59] loaded mission W-60_S-1 onto Screen
[11:46:23:59] loaded mission W-60_S-1 onto Screen
[11:46:23:59] loaded mission W-60_S-1 onto Screen
[11:46:24:73] loaded mission W-17_S-2 onto Screen
[11:46:24:73] loaded mission W-17_S-2 onto Screen
[11:46:24:73] loaded mission W-17_S-2 onto Screen
[11:46:24:73] loaded mission W-17_S-2 onto Screen
[11:46:24:73] loaded mission W-17_S-2 onto Screen
[11:46:25:09] loaded mission W-23_S-1 onto Screen
[11:46:25:10] loaded mission W-23_S-1 onto Screen
[11:46:25:10] loaded mission W-23_S-1 onto Screen
[11:46:25:10] loaded mission W-23_S-1 onto Screen
[11:46:25:10] loaded mission W-23_S-1 onto Screen
[11:46:25:47] loaded mission W-14_S-2 onto Screen
[11:46:25:48] loaded mission W-14_S-2 onto Screen
[11:46:25:48] loaded mission W-14_S-2 onto Screen
[11:46:25:48] loaded mission W-14_S-2 onto Screen
[11:46:25:48] loaded mission W-14_S-2 onto Screen
[11:46:25:83] loaded mission W-23_S-1 onto Screen
[11:46:25:83] loaded mission W-23_S-1 onto Screen
[11:46:25:83] loaded mission W-23_S-1 onto Screen
[11:46:25:83] loaded mission W-23_S-1 onto Screen
[11:46:25:83] loaded mission W-23_S-1 onto Screen
[11:46:26:20] loaded mission W-17_S-2 onto Screen
[11:46:26:20] loaded mission W-17_S-2 onto Screen
[11:46:26:20] loaded mission W-17_S-2 onto Screen
[11:46:26:21] loaded mission W-17_S-2 onto Screen
[11:46:26:21] loaded mission W-17_S-2 onto Screen
[11:46:26:21] loaded mission W-17_S-2 onto Screen
[11:46:26:58] loaded mission W-60_S-1 onto Screen
[11:46:26:58] loaded mission W-60_S-1 onto Screen
[11:46:26:58] loaded mission W-60_S-1 onto Screen
[11:46:26:58] loaded mission W-60_S-1 onto Screen
[11:46:26:59] loaded mission W-60_S-1 onto Screen
[11:46:26:59] loaded mission W-60_S-1 onto Screen
[11:46:27:09] loaded mission W-17_S-2 onto Screen
[11:46:27:09] loaded mission W-17_S-2 onto Screen
[11:46:27:09] loaded mission W-17_S-2 onto Screen
[11:46:27:09] loaded mission W-17_S-2 onto Screen
[11:46:27:09] loaded mission W-17_S-2 onto Screen
[11:46:27:09] loaded mission W-17_S-2 onto Screen
[11:46:27:87] loaded mission W-60_S-1 onto Screen
[11:46:27:87] loaded mission W-60_S-1 onto Screen
[11:46:27:87] loaded mission W-60_S-1 onto Screen
[11:46:27:87] loaded mission W-60_S-1 onto Screen
[11:46:27:87] loaded mission W-60_S-1 onto Screen
[11:46:27:87] loaded mission W-60_S-1 onto Screen
[11:46:28:28] loaded mission W-17_S-2 onto Screen
[11:46:28:28] loaded mission W-17_S-2 onto Screen
[11:46:28:28] loaded mission W-17_S-2 onto Screen
[11:46:28:28] loaded mission W-17_S-2 onto Screen
[11:46:28:28] loaded mission W-17_S-2 onto Screen
[11:46:28:28] loaded mission W-17_S-2 onto Screen
[11:46:29:04] loaded mission W-14_S-2 onto Screen
[11:46:29:04] loaded mission W-14_S-2 onto Screen
[11:46:29:05] loaded mission W-14_S-2 onto Screen
[11:46:29:05] loaded mission W-14_S-2 onto Screen
[11:46:29:05] loaded mission W-14_S-2 onto Screen
[11:46:29:05] loaded mission W-14_S-2 onto Screen
[11:46:29:48] loaded mission W-17_S-2 onto Screen
[11:46:29:48] loaded mission W-17_S-2 onto Screen
[11:46:29:48] loaded mission W-17_S-2 onto Screen
[11:46:29:48] loaded mission W-17_S-2 onto Screen
[11:46:29:49] loaded mission W-17_S-2 onto Screen
[11:46:29:49] loaded mission W-17_S-2 onto Screen
[11:46:29:95] loaded mission W-60_S-1 onto Screen
[11:46:29:95] loaded mission W-60_S-1 onto Screen
[11:46:29:95] loaded mission W-60_S-1 onto Screen
[11:46:29:96] loaded mission W-60_S-1 onto Screen
[11:46:29:96] loaded mission W-60_S-1 onto Screen
[11:46:29:96] loaded mission W-60_S-1 onto Screen
[11:46:30:35] loaded mission W-17_S-2 onto Screen
[11:46:30:36] loaded mission W-17_S-2 onto Screen
[11:46:30:36] loaded mission W-17_S-2 onto Screen
[11:46:30:36] loaded mission W-17_S-2 onto Screen
[11:46:30:36] loaded mission W-17_S-2 onto Screen
[11:46:30:36] loaded mission W-17_S-2 onto Screen
[11:46:30:71] loaded mission W-14_S-2 onto Screen
[11:46:30:71] loaded mission W-14_S-2 onto Screen
[11:46:30:71] loaded mission W-14_S-2 onto Screen
[11:46:30:71] loaded mission W-14_S-2 onto Screen
[11:46:30:71] loaded mission W-14_S-2 onto Screen
[11:46:30:71] loaded mission W-14_S-2 onto Screen
[11:46:31:05] loaded mission W-13_S-1 onto Screen
[11:46:31:05] loaded mission W-13_S-1 onto Screen
[11:46:31:05] loaded mission W-13_S-1 onto Screen
[11:46:31:06] loaded mission W-13_S-1 onto Screen
[11:46:31:06] loaded mission W-13_S-1 onto Screen
[11:46:31:06] loaded mission W-13_S-1 onto Screen
[11:46:31:06] loaded mission W-13_S-1 onto Screen
[11:46:31:91] loaded mission W-6_S-1 onto Screen
[11:46:31:91] loaded mission W-6_S-1 onto Screen
[11:46:31:91] loaded mission W-6_S-1 onto Screen
[11:46:31:91] loaded mission W-6_S-1 onto Screen
[11:46:31:91] loaded mission W-6_S-1 onto Screen
[11:46:31:91] loaded mission W-6_S-1 onto Screen
[11:46:31:91] loaded mission W-6_S-1 onto Screen
[11:46:32:28] loaded mission W-14_S-2 onto Screen
[11:46:32:28] loaded mission W-14_S-2 onto Screen
[11:46:32:29] loaded mission W-14_S-2 onto Screen
[11:46:32:29] loaded mission W-14_S-2 onto Screen
[11:46:32:29] loaded mission W-14_S-2 onto Screen
[11:46:32:29] loaded mission W-14_S-2 onto Screen
[11:46:32:29] loaded mission W-14_S-2 onto Screen
[11:46:32:76] loaded mission W-23_S-1 onto Screen
[11:46:32:76] loaded mission W-23_S-1 onto Screen
[11:46:32:76] loaded mission W-23_S-1 onto Screen
[11:46:32:76] loaded mission W-23_S-1 onto Screen
[11:46:32:76] loaded mission W-23_S-1 onto Screen
[11:46:32:77] loaded mission W-23_S-1 onto Screen
[11:46:32:77] loaded mission W-23_S-1 onto Screen
[11:46:32:99] loaded mission W-17_S-2 onto Screen
[11:46:33:00] loaded mission W-17_S-2 onto Screen
[11:46:33:00] loaded mission W-17_S-2 onto Screen
[11:46:33:00] loaded mission W-17_S-2 onto Screen
[11:46:33:00] loaded mission W-17_S-2 onto Screen
[11:46:33:00] loaded mission W-17_S-2 onto Screen
[11:46:33:01] loaded mission W-17_S-2 onto Screen
[11:46:33:68] loaded mission W-60_S-1 onto Screen
[11:46:33:68] loaded mission W-60_S-1 onto Screen
[11:46:33:68] loaded mission W-60_S-1 onto Screen
[11:46:33:68] loaded mission W-60_S-1 onto Screen
[11:46:33:68] loaded mission W-60_S-1 onto Screen
[11:46:33:68] loaded mission W-60_S-1 onto Screen
[11:46:33:69] loaded mission W-60_S-1 onto Screen
[11:46:34:67] Mission W-34_S-1 Completed unsuccessfully
[11:46:34:68] loaded mission W-60_S-1 onto Screen
[11:46:34:93] Mission W-60_S-1 Completed unsuccessfully
[11:46:34:93] loaded mission W-17_S-2 onto Screen
[11:46:35:14] Mission W-17_S-2 Completed successfully
[11:46:35:14] loaded mission W-23_S-1 onto Screen
[11:46:35:35] Mission W-23_S-1 Completed successfully
[11:46:35:35] loaded mission W-14_S-2 onto Screen
[11:46:35:55] Mission W-14_S-2 Completed successfully
[11:46:35:55] loaded mission W-13_S-1 onto Screen
[11:46:35:75] Mission W-13_S-1 Completed successfully
[11:46:35:75] loaded mission W-6_S-1 onto Screen
[11:46:37:19] Mission W-6_S-1 Completed successfully
[11:46:37:19] loaded mission W-30_S-1 onto Screen
[11:46:37:82] Mission W-30_S-1 Completed unsuccessfully
[11:46:37:82] loaded mission W-22_S-1 onto Screen
[11:46:38:30] Mission W-22_S-1 Completed successfully
[11:46:38:30] loaded mission W-58_S-1 onto Screen
[11:46:38:76] Mission W-58_S-1 Completed unsuccessfully
[11:46:38:76] loaded mission W-46_S-1 onto Screen
[11:46:39:24] Mission W-46_S-1 Completed unsuccessfully
[11:46:39:24] loaded mission W-52_S-1 onto Screen
[11:46:39:64] Mission W-52_S-1 Completed successfully
[11:46:39:65] loaded mission W-12_S-1 onto Screen
[11:46:40:05] Mission W-12_S-1 Completed successfully
[11:46:40:05] loaded mission W-13_S-1 onto Screen
[11:46:40:45] Mission W-13_S-1 Completed successfully
[11:46:40:45] loaded mission W-48_S-1 onto Screen
[11:46:40:86] Mission W-48_S-1 Completed successfully
[11:46:40:86] loaded mission W-13_S-1 onto Screen
[11:46:41:27] Mission W-13_S-1 Completed successfully
[11:46:41:27] loaded mission W-26_S-1 onto Screen
[11:46:41:65] Mission W-26_S-1 Completed successfully
[11:46:41:65] loaded mission W-6_S-1 onto Screen
[11:46:42:04] Mission W-6_S-1 Completed successfully
[11:46:42:04] loaded mission W-33_S-1 onto Screen
[11:46:42:43] Mission W-33_S-1 Completed successfully
[11:46:42:43] loaded mission W-13_S-1 onto Screen
[11:46:42:81] Mission W-13_S-1 Completed successfully
[11:46:42:81] loaded mission W-33_S-1 onto Screen
[11:46:43:19] Mission W-33_S-1 Completed successfully
[11:46:43:19] loaded mission W-16_S-1 onto Screen
[11:46:43:56] Mission W-16_S-1 Completed successfully
[11:46:43:56] loaded mission W-14_S-2 onto Screen
[11:46:43:95] Mission W-14_S-2 Completed successfully
[11:46:43:95] loaded mission W-24_S-1 onto Screen
[11:46:44:32] Mission W-24_S-1 Completed successfully
[11:46:44:33] loaded mission W-21_S-1 onto Screen
[11:46:44:71] Mission W-21_S-1 Completed successfully
[11:46:44:71] loaded mission W-56_S-1 onto Screen
[11:46:45:11] Mission W-56_S-1 Completed successfully
[11:46:45:11] loaded mission W-34_S-1 onto Screen
[11:46:45:50] Mission W-34_S-1 Completed unsuccessfully
[11:46:45:50] loaded mission W-20_S-1 onto Screen
[11:46:45:88] Mission W-20_S-1 Completed successfully
[11:46:45:88] loaded mission W-14_S-2 onto Screen
[11:46:46:26] Mission W-14_S-2 Completed successfully
[11:46:46:26] loaded mission W-1_S-1 onto Screen
[11:46:46:67] Mission W-1_S-1 Completed successfully
[11:46:46:67] loaded mission W-24_S-1 onto Screen
[11:46:47:04] Mission W-24_S-1 Completed successfully
[11:46:47:04] loaded mission W-53_S-1 onto Screen
[11:46:47:44] Mission W-53_S-1 Completed successfully
[11:46:47:44] loaded mission W-36_S-1 onto Screen
[11:46:47:83] Mission W-36_S-1 Completed successfully
[11:46:47:83] loaded mission W-46_S-2 onto Screen
[11:46:48:22] Mission W-46_S-2 Completed successfully
[11:46:48:22] loaded mission W-36_S-1 onto Screen
[11:46:48:64] Mission W-36_S-1 Completed successfully
[11:46:48:64] loaded mission W-44_S-2 onto Screen
[11:46:49:15] Mission W-44_S-2 Completed successfully
[11:46:49:16] loaded mission W-2_S-1 onto Screen
[11:46:49:99] Mission W-2_S-1 Completed successfully
[11:46:49:99] loaded mission W-17_S-2 onto Screen
[11:46:50:38] Mission W-17_S-2 Completed successfully
[11:46:50:38] loaded mission W-17_S-1 onto Screen
[11:46:50:74] Mission W-17_S-1 Completed successfully
[11:46:50:75] loaded mission W-1_S-1 onto Screen
[11:46:51:11] Mission W-1_S-1 Completed successfully
[11:46:51:12] loaded mission W-44_S-1 onto Screen
[11:46:51:50] Mission W-44_S-1 Completed unsuccessfully
[11:46:51:50] loaded mission W-7_S-1 onto Screen
[11:46:52:07] switching to sub-state: Scenes.Simulation.Scripts.MissionSubState
[11:46:52:07] switching to sub-state: Scenes.Simulation.Scripts.MissionSubState
[11:46:52:07] switching to sub-state: Scenes.Simulation.Scripts.MissionSubState
[11:46:52:07] switching to sub-state: Scenes.Simulation.Scripts.MissionSubState
[11:46:52:07] switching to sub-state: Scenes.Simulation.Scripts.MissionSubState
[11:46:52:07] switching to sub-state: Scenes.Simulation.Scripts.MissionSubState
[11:46:52:07] switching to sub-state: Scenes.Simulation.Scripts.MissionSubState
[11:46:52:07] switching to sub-state: Scenes.Simulation.Scripts.MissionSubState
[11:46:52:07] switching to sub-state: Scenes.Simulation.Scripts.MissionSubState
[11:46:52:07] switching to sub-state: Scenes.Simulation.Scripts.MissionSubState
[11:46:52:07] switching to sub-state: Scenes.Simulation.Scripts.MissionSubState
[11:46:52:07] switching to sub-state: Scenes.Simulation.Scripts.MissionSubState
[11:46:52:07] switching to sub-state: Scenes.Simulation.Scripts.MissionSubState
[11:46:52:07] switching to sub-state: Scenes.Simulation.Scripts.MissionSubState
[11:46:52:07] switching to sub-state: Scenes.Simulation.Scripts.MissionSubState
[11:46:52:07] switching to sub-state: Scenes.Simulation.Scripts.MissionSubState
[11:46:52:07] switching to sub-state: Scenes.Simulation.Scripts.MissionSubState
[11:46:52:07] switching to sub-state: Scenes.Simulation.Scripts.MissionSubState
[11:46:52:07] switching to sub-state: Scenes.Simulation.Scripts.MissionSubState
[11:46:52:08] switching to sub-state: Scenes.Simulation.Scripts.MissionSubState
[11:46:52:08] switching to sub-state: Scenes.Simulation.Scripts.MissionSubState
[11:46:52:08] switching to sub-state: Scenes.Simulation.Scripts.MissionSubState
[11:46:52:08] switching to sub-state: Scenes.Simulation.Scripts.MissionSubState
[11:46:52:08] switching to sub-state: Scenes.Simulation.Scripts.MissionSubState
[11:46:52:08] switching to sub-state: Scenes.Simulation.Scripts.MissionSubState
[11:46:52:08] switching to sub-state: Scenes.Simulation.Scripts.MissionSubState
[11:46:52:08] switching to sub-state: Scenes.Simulation.Scripts.MissionSubState
[11:46:52:08] switching to sub-state: Scenes.Simulation.Scripts.MissionSubState
[11:46:52:08] switching to sub-state: Scenes.Simulation.Scripts.MissionSubState
[11:46:52:08] switching to sub-state: Scenes.Simulation.Scripts.MissionSubState
[11:46:52:08] switching to sub-state: Scenes.Simulation.Scripts.MissionSubState
[11:46:52:08] switching to sub-state: Scenes.Simulation.Scripts.MissionSubState
[11:46:52:08] switching to sub-state: Scenes.Simulation.Scripts.MissionSubState
[11:46:52:08] switching to sub-state: Scenes.Simulation.Scripts.MissionSubState
[11:46:52:08] switching to sub-state: Scenes.Simulation.Scripts.MissionSubState
[11:46:52:08] switching to sub-state: Scenes.Simulation.Scripts.MissionSubState
[11:46:52:08] switching to sub-state: Scenes.Simulation.Scripts.MissionSubState
[11:46:52:08] switching to sub-state: Scenes.Simulation.Scripts.MissionSubState
[11:46:52:08] switching to sub-state: Scenes.Simulation.Scripts.MissionSubState
[11:46:52:08] switching to sub-state: Scenes.Simulation.Scripts.MissionSubState
[11:46:52:08] switching to sub-state: Scenes.Simulation.Scripts.MissionSubState
[11:46:52:08] switching to sub-state: Scenes.Simulation.Scripts.MissionSubState
[11:46:52:08] switching to sub-state: Scenes.Simulation.Scripts.MissionSubState
[11:46:52:08] switching to sub-state: Scenes.Simulation.Scripts.MissionSubState
[11:46:52:08] switching to sub-state: Scenes.Simulation.Scripts.MissionSubState
[11:46:52:08] switching to sub-state: Scenes.Simulation.Scripts.MissionSubState
[11:46:52:09] switching to sub-state: Scenes.Simulation.Scripts.MissionSubState
[11:46:52:09] switching to sub-state: Scenes.Simulation.Scripts.MissionSubState
[11:46:52:09] switching to sub-state: Scenes.Simulation.Scripts.MissionSubState
[11:46:52:09] switching to sub-state: Scenes.Simulation.Scripts.MissionSubState
[11:46:52:09] switching to sub-state: Scenes.Simulation.Scripts.MissionSubState
[11:46:52:09] switching to sub-state: Scenes.Simulation.Scripts.MissionSubState
[11:46:52:09] switching to sub-state: Scenes.Simulation.Scripts.MissionSubState
[11:46:52:09] switching to sub-state: Scenes.Simulation.Scripts.MissionSubState
[11:46:52:09] switching to sub-state: Scenes.Simulation.Scripts.MissionSubState
[11:46:52:09] switching to sub-state: Scenes.Simulation.Scripts.MissionSubState
[11:46:52:09] switching to sub-state: Scenes.Simulation.Scripts.MissionSubState
[11:46:52:09] switching to sub-state: Scenes.Simulation.Scripts.MissionSubState
[11:46:52:09] switching to sub-state: Scenes.Simulation.Scripts.MissionSubState
[11:46:52:09] switching to sub-state: Scenes.Simulation.Scripts.MissionSubState
[11:46:52:09] switching to sub-state: Scenes.Simulation.Scripts.MissionSubState
[11:46:52:09] switching to sub-state: Scenes.Simulation.Scripts.MissionSubState
[11:46:52:09] switching to sub-state: Scenes.Simulation.Scripts.MissionSubState
[11:46:52:09] switching to sub-state: Scenes.Simulation.Scripts.MissionSubState
[11:46:52:09] switching to sub-state: Scenes.Simulation.Scripts.MissionSubState
[11:46:52:09] switching to sub-state: Scenes.Simulation.Scripts.MissionSubState
[11:46:52:09] switching to sub-state: Scenes.Simulation.Scripts.MissionSubState
[11:46:52:09] switching to sub-state: Scenes.Simulation.Scripts.MissionSubState
[11:46:52:09] switching to sub-state: Scenes.Simulation.Scripts.MissionSubState
[11:46:52:09] switching to sub-state: Scenes.Simulation.Scripts.MissionSubState
[11:46:52:09] switching to sub-state: Scenes.Simulation.Scripts.MissionSubState
[11:46:52:09] switching to sub-state: Scenes.Simulation.Scripts.MissionSubState
[11:46:52:09] switching to sub-state: Scenes.Simulation.Scripts.MissionSubState
[11:46:52:09] switching to sub-state: Scenes.Simulation.Scripts.MissionSubState
[11:46:52:10] switching to sub-state: Scenes.Simulation.Scripts.MissionSubState
[11:46:52:10] switching to sub-state: Scenes.Simulation.Scripts.MissionSubState
[11:46:52:10] switching to sub-state: Scenes.Simulation.Scripts.MissionSubState
[11:46:52:10] switching to sub-state: Scenes.Simulation.Scripts.MissionSubState
[11:46:52:10] switching to sub-state: Scenes.Simulation.Scripts.MissionSubState
[11:46:52:10] switching to sub-state: Scenes.Simulation.Scripts.MissionSubState
[11:46:52:10] switching to sub-state: Scenes.Simulation.Scripts.MissionSubState
[11:46:52:10] switching to sub-state: Scenes.Simulation.Scripts.MissionSubState
[11:46:52:10] switching to sub-state: Scenes.Simulation.Scripts.MissionSubState
[11:46:52:10] switching to sub-state: Scenes.Simulation.Scripts.MissionSubState
[11:46:52:10] switching to sub-state: Scenes.Simulation.Scripts.MissionSubState
[11:46:52:10] switching to sub-state: Scenes.Simulation.Scripts.MissionSubState
[11:46:52:10] switching to sub-state: Scenes.Simulation.Scripts.MissionSubState
[11:46:52:10] switching to sub-state: Scenes.Simulation.Scripts.MissionSubState
[11:46:52:10] switching to sub-state: Scenes.Simulation.Scripts.MissionSubState
[11:46:52:10] switching to sub-state: Scenes.Simulation.Scripts.MissionSubState
[11:46:52:10] switching to sub-state: Scenes.Simulation.Scripts.MissionSubState
[11:46:52:10] switching to sub-state: Scenes.Simulation.Scripts.MissionSubState
[11:46:52:10] switching to sub-state: Scenes.Simulation.Scripts.MissionSubState
[11:46:52:10] switching to sub-state: Scenes.Simulation.Scripts.MissionSubState
[11:46:52:10] switching to sub-state: Scenes.Simulation.Scripts.MissionSubState
[11:46:52:10] switching to sub-state: Scenes.Simulation.Scripts.MissionSubState
[11:46:52:10] switching to sub-state: Scenes.Simulation.Scripts.MissionSubState
[11:46:52:10] switching to sub-state: Scenes.Simulation.Scripts.MissionSubState
[11:46:52:10] switching to sub-state: Scenes.Simulation.Scripts.MissionSubState
[11:46:52:10] switching to sub-state: Scenes.Simulation.Scripts.MissionSubState
[11:46:52:10] switching to sub-state: Scenes.Simulation.Scripts.MissionSubState
[11:46:52:10] switching to sub-state: Scenes.Simulation.Scripts.MissionSubState
[11:46:52:11] switching to sub-state: Scenes.Simulation.Scripts.MissionSubState
[11:46:52:11] switching to sub-state: Scenes.Simulation.Scripts.MissionSubState
[11:46:52:11] switching to sub-state: Scenes.Simulation.Scripts.MissionSubState
[11:46:52:11] switching to sub-state: Scenes.Simulation.Scripts.MissionSubState
[11:46:52:11] switching to sub-state: Scenes.Simulation.Scripts.MissionSubState
[11:46:52:11] switching to sub-state: Scenes.Simulation.Scripts.MissionSubState
[11:46:52:11] switching to sub-state: Scenes.Simulation.Scripts.MissionSubState
[11:46:52:11] switching to sub-state: Scenes.Simulation.Scripts.MissionSubState
[11:46:52:11] switching to sub-state: Scenes.Simulation.Scripts.MissionSubState
[11:46:52:11] switching to sub-state: Scenes.Simulation.Scripts.MissionSubState
[11:46:52:11] switching to sub-state: Scenes.Simulation.Scripts.MissionSubState
[11:46:52:11] switching to sub-state: Scenes.Simulation.Scripts.MissionSubState
[11:46:52:11] switching to sub-state: Scenes.Simulation.Scripts.MissionSubState
[11:46:52:11] switching to sub-state: Scenes.Simulation.Scripts.MissionSubState
[11:46:52:11] switching to sub-state: Scenes.Simulation.Scripts.MissionSubState
[11:46:52:11] switching to sub-state: Scenes.Simulation.Scripts.MissionSubState
[11:46:52:11] switching to sub-state: Scenes.Simulation.Scripts.MissionSubState
[11:46:52:11] switching to sub-state: Scenes.Simulation.Scripts.MissionSubState
[11:46:52:11] switching to sub-state: Scenes.Simulation.Scripts.MissionSubState
[11:46:52:11] switching to sub-state: Scenes.Simulation.Scripts.MissionSubState
[11:46:52:11] switching to sub-state: Scenes.Simulation.Scripts.MissionSubState
[11:46:52:11] switching to sub-state: Scenes.Simulation.Scripts.MissionSubState
[11:46:52:11] switching to sub-state: Scenes.Simulation.Scripts.MissionSubState
[11:46:52:11] switching to sub-state: Scenes.Simulation.Scripts.MissionSubState
[11:46:52:11] switching to sub-state: Scenes.Simulation.Scripts.MissionSubState
[11:46:52:11] switching to sub-state: Scenes.Simulation.Scripts.MissionSubState
[11:46:52:11] switching to sub-state: Scenes.Simulation.Scripts.MissionSubState
[11:46:52:11] switching to sub-state: Scenes.Simulation.Scripts.MissionSubState
[11:46:52:11] switching to sub-state: Scenes.Simulation.Scripts.MissionSubState
[11:46:52:11] switching to sub-state: Scenes.Simulation.Scripts.MissionSubState
[11:46:52:11] switching to sub-state: Scenes.Simulation.Scripts.MissionSubState
[11:46:52:12] switching to sub-state: Scenes.Simulation.Scripts.MissionSubState
[11:46:52:12] switching to sub-state: Scenes.Simulation.Scripts.MissionSubState
[11:46:52:12] switching to sub-state: Scenes.Simulation.Scripts.MissionSubState
[11:46:52:12] switching to sub-state: Scenes.Simulation.Scripts.MissionSubState
[11:46:52:12] switching to sub-state: Scenes.Simulation.Scripts.MissionSubState
[11:46:52:12] switching to sub-state: Scenes.Simulation.Scripts.MissionSubState
[11:46:52:12] switching to sub-state: Scenes.Simulation.Scripts.MissionSubState
[11:46:52:12] switching to sub-state: Scenes.Simulation.Scripts.MissionSubState
[11:46:52:12] switching to sub-state: Scenes.Simulation.Scripts.MissionSubState
[11:46:52:12] switching to sub-state: Scenes.Simulation.Scripts.MissionSubState
[11:46:52:12] switching to sub-state: Scenes.Simulation.Scripts.MissionSubState
[11:46:52:12] switching to sub-state: Scenes.Simulation.Scripts.MissionSubState
[11:46:52:12] switching to sub-state: Scenes.Simulation.Scripts.MissionSubState
[11:46:52:12] switching to sub-state: Scenes.Simulation.Scripts.MissionSubState
[11:46:52:12] switching to sub-state: Scenes.Simulation.Scripts.MissionSubState
[11:46:52:12] switching to sub-state: Scenes.Simulation.Scripts.MissionSubState
[11:46:52:12] switching to sub-state: Scenes.Simulation.Scripts.MissionSubState
[11:46:52:12] switching to sub-state: Scenes.Simulation.Scripts.MissionSubState
[11:46:52:12] switching to sub-state: Scenes.Simulation.Scripts.MissionSubState
[11:46:52:12] switching to sub-state: Scenes.Simulation.Scripts.MissionSubState
[11:46:52:12] switching to sub-state: Scenes.Simulation.Scripts.MissionSubState
[11:46:52:12] switching to sub-state: Scenes.Simulation.Scripts.MissionSubState
[11:46:52:12] switching to sub-state: Scenes.Simulation.Scripts.MissionSubState
[11:46:52:12] switching to sub-state: Scenes.Simulation.Scripts.MissionSubState
[11:46:52:12] switching to sub-state: Scenes.Simulation.Scripts.MissionSubState
[11:46:52:12] switching to sub-state: Scenes.Simulation.Scripts.MissionSubState
[11:46:52:12] switching to sub-state: Scenes.Simulation.Scripts.MissionSubState
[11:46:52:13] switching to sub-state: Scenes.Simulation.Scripts.MissionSubState
[11:46:52:13] switching to sub-state: Scenes.Simulation.Scripts.MissionSubState
[11:46:52:13] switching to sub-state: Scenes.Simulation.Scripts.MissionSubState
[11:46:52:13] switching to sub-state: Scenes.Simulation.Scripts.MissionSubState
[11:46:52:13] switching to sub-state: Scenes.Simulation.Scripts.MissionSubState
[11:46:52:13] switching to sub-state: Scenes.Simulation.Scripts.MissionSubState
[11:46:52:13] switching to sub-state: Scenes.Simulation.Scripts.MissionSubState
[11:46:52:13] switching to sub-state: Scenes.Simulation.Scripts.MissionSubState
[11:46:52:13] switching to sub-state: Scenes.Simulation.Scripts.MissionSubState
[11:46:52:13] switching to sub-state: Scenes.Simulation.Scripts.MissionSubState
[11:46:52:13] switching to sub-state: Scenes.Simulation.Scripts.MissionSubState
[11:46:52:13] switching to sub-state: Scenes.Simulation.Scripts.MissionSubState
[11:46:52:13] switching to sub-state: Scenes.Simulation.Scripts.MissionSubState
[11:46:52:13] switching to sub-state: Scenes.Simulation.Scripts.MissionSubState
[11:46:52:13] switching to sub-state: Scenes.Simulation.Scripts.MissionSubState
[11:46:52:13] switching to sub-state: Scenes.Simulation.Scripts.MissionSubState
[11:46:52:13] switching to sub-state: Scenes.Simulation.Scripts.MissionSubState
[11:46:52:13] switching to sub-state: Scenes.Simulation.Scripts.MissionSubState
[11:46:52:13] switching to sub-state: Scenes.Simulation.Scripts.MissionSubState
[11:46:52:13] switching to sub-state: Scenes.Simulation.Scripts.MissionSubState
[11:46:52:13] switching to sub-state: Scenes.Simulation.Scripts.MissionSubState
[11:46:52:13] switching to sub-state: Scenes.Simulation.Scripts.MissionSubState
[11:46:52:13] switching to sub-state: Scenes.Simulation.Scripts.MissionSubState
[11:46:52:13] switching to sub-state: Scenes.Simulation.Scripts.MissionSubState
[11:46:52:13] switching to sub-state: Scenes.Simulation.Scripts.MissionSubState
[11:46:52:13] switching to sub-state: Scenes.Simulation.Scripts.MissionSubState
[11:46:52:14] switching to sub-state: Scenes.Simulation.Scripts.MissionSubState
[11:46:52:14] switching to sub-state: Scenes.Simulation.Scripts.MissionSubState
[11:46:52:14] switching to sub-state: Scenes.Simulation.Scripts.MissionSubState
[11:46:52:14] switching to sub-state: Scenes.Simulation.Scripts.MissionSubState
[11:46:52:14] switching to sub-state: Scenes.Simulation.Scripts.MissionSubState
[11:46:52:14] switching to sub-state: Scenes.Simulation.Scripts.MissionSubState
[11:46:52:14] switching to sub-state: Scenes.Simulation.Scripts.MissionSubState
[11:46:52:14] switching to sub-state: Scenes.Simulation.Scripts.MissionSubState
[11:46:52:14] switching to sub-state: Scenes.Simulation.Scripts.MissionSubState
[11:46:52:14] switching to sub-state: Scenes.Simulation.Scripts.MissionSubState
[11:46:52:14] switching to sub-state: Scenes.Simulation.Scripts.MissionSubState
[11:46:52:14] switching to sub-state: Scenes.Simulation.Scripts.MissionSubState
[11:46:52:14] switching to sub-state: Scenes.Simulation.Scripts.MissionSubState
[11:46:52:14] switching to sub-state: Scenes.Simulation.Scripts.MissionSubState
[11:46:52:14] switching to sub-state: Scenes.Simulation.Scripts.MissionSubState
[11:46:52:14] switching to sub-state: Scenes.Simulation.Scripts.MissionSubState
[11:46:52:14] switching to sub-state: Scenes.Simulation.Scripts.MissionSubState
[11:46:52:14] switching to sub-state: Scenes.Simulation.Scripts.MissionSubState
[11:46:52:14] switching to sub-state: Scenes.Simulation.Scripts.MissionSubState
[11:46:52:14] switching to sub-state: Scenes.Simulation.Scripts.MissionSubState
[11:46:52:14] switching to sub-state: Scenes.Simulation.Scripts.MissionSubState
[11:46:52:14] switching to sub-state: Scenes.Simulation.Scripts.MissionSubState
[11:46:52:14] switching to sub-state: Scenes.Simulation.Scripts.MissionSubState
[11:46:52:14] switching to sub-state: Scenes.Simulation.Scripts.MissionSubState
[11:46:52:14] switching to sub-state: Scenes.Simulation.Scripts.MissionSubState
[11:46:52:14] switching to sub-state: Scenes.Simulation.Scripts.MissionSubState
[11:46:52:14] switching to sub-state: Scenes.Simulation.Scripts.MissionSubState
[11:46:52:14] switching to sub-state: Scenes.Simulation.Scripts.MissionSubState
[11:46:52:15] switching to sub-state: Scenes.Simulation.Scripts.MissionSubState
[11:46:52:15] switching to sub-state: Scenes.Simulation.Scripts.MissionSubState
[11:46:52:15] switching to sub-state: Scenes.Simulation.Scripts.MissionSubState
[11:46:52:15] switching to sub-state: Scenes.Simulation.Scripts.MissionSubState
[11:46:52:15] switching to sub-state: Scenes.Simulation.Scripts.MissionSubState
[11:46:52:15] switching to sub-state: Scenes.Simulation.Scripts.MissionSubState
[11:46:52:15] switching to sub-state: Scenes.Simulation.Scripts.MissionSubState
[11:46:52:15] switching to sub-state: Scenes.Simulation.Scripts.MissionSubState
[11:46:52:15] switching to sub-state: Scenes.Simulation.Scripts.MissionSubState
[11:46:52:15] switching to sub-state: Scenes.Simulation.Scripts.MissionSubState
[11:46:52:15] switching to sub-state: Scenes.Simulation.Scripts.MissionSubState
[11:46:52:15] switching to sub-state: Scenes.Simulation.Scripts.MissionSubState
[11:46:52:15] switching to sub-state: Scenes.Simulation.Scripts.MissionSubState
[11:46:52:15] switching to sub-state: Scenes.Simulation.Scripts.MissionSubState
[11:46:52:15] switching to sub-state: Scenes.Simulation.Scripts.MissionSubState
[11:46:52:15] switching to sub-state: Scenes.Simulation.Scripts.MissionSubState
[11:46:52:15] switching to sub-state: Scenes.Simulation.Scripts.MissionSubState
[11:46:52:15] switching to sub-state: Scenes.Simulation.Scripts.MissionSubState
[11:46:52:15] switching to sub-state: Scenes.Simulation.Scripts.MissionSubState
[11:46:52:15] switching to sub-state: Scenes.Simulation.Scripts.MissionSubState
[11:46:52:15] switching to sub-state: Scenes.Simulation.Scripts.MissionSubState
[11:46:52:15] switching to sub-state: Scenes.Simulation.Scripts.MissionSubState
[11:46:52:77] switching to sub-state: Scenes.Simulation.Scripts.MissionSubState
[11:46:52:77] switching to sub-state: Scenes.Simulation.Scripts.MissionSubState
[11:46:52:77] switching to sub-state: Scenes.Simulation.Scripts.MissionSubState
[11:46:52:77] switching to sub-state: Scenes.Simulation.Scripts.MissionSubState
[11:46:52:77] switching to sub-state: Scenes.Simulation.Scripts.MissionSubState
[11:46:52:77] switching to sub-state: Scenes.Simulation.Scripts.MissionSubState
[11:46:52:77] switching to sub-state: Scenes.Simulation.Scripts.MissionSubState
[11:46:52:77] switching to sub-state: Scenes.Simulation.Scripts.MissionSubState
[11:46:52:77] switching to sub-state: Scenes.Simulation.Scripts.MissionSubState
[11:46:52:77] switching to sub-state: Scenes.Simulation.Scripts.MissionSubState
[11:46:52:77] switching to sub-state: Scenes.Simulation.Scripts.MissionSubState
[11:46:52:77] switching to sub-state: Scenes.Simulation.Scripts.MissionSubState
[11:46:52:78] switching to sub-state: Scenes.Simulation.Scripts.MissionSubState
[11:46:52:78] switching to sub-state: Scenes.Simulation.Scripts.MissionSubState
[11:46:52:78] switching to sub-state: Scenes.Simulation.Scripts.MissionSubState
[11:46:52:78] switching to sub-state: Scenes.Simulation.Scripts.MissionSubState
[11:46:52:78] switching to sub-state: Scenes.Simulation.Scripts.MissionSubState
[11:46:52:78] switching to sub-state: Scenes.Simulation.Scripts.MissionSubState
[11:46:52:78] switching to sub-state: Scenes.Simulation.Scripts.MissionSubState
[11:46:52:78] switching to sub-state: Scenes.Simulation.Scripts.MissionSubState
[11:46:52:78] switching to sub-state: Scenes.Simulation.Scripts.MissionSubState
[11:46:52:78] switching to sub-state: Scenes.Simulation.Scripts.MissionSubState
[11:46:52:78] switching to sub-state: Scenes.Simulation.Scripts.MissionSubState
[11:46:52:78] switching to sub-state: Scenes.Simulation.Scripts.MissionSubState
[11:46:52:78] switching to sub-state: Scenes.Simulation.Scripts.MissionSubState
[11:46:52:78] switching to sub-state: Scenes.Simulation.Scripts.MissionSubState
[11:46:52:78] switching to sub-state: Scenes.Simulation.Scripts.MissionSubState
[11:46:52:78] switching to sub-state: Scenes.Simulation.Scripts.MissionSubState
[11:46:52:78] switching to sub-state: Scenes.Simulation.Scripts.MissionSubState
[11:46:52:78] switching to sub-state: Scenes.Simulation.Scripts.MissionSubState
[11:46:52:78] switching to sub-state: Scenes.Simulation.Scripts.MissionSubState
[11:46:52:78] switching to sub-state: Scenes.Simulation.Scripts.MissionSubState
[11:46:52:78] switching to sub-state: Scenes.Simulation.Scripts.MissionSubState
[11:46:52:78] switching to sub-state: Scenes.Simulation.Scripts.MissionSubState
[11:46:52:78] switching to sub-state: Scenes.Simulation.Scripts.MissionSubState
[11:46:52:78] switching to sub-state: Scenes.Simulation.Scripts.MissionSubState
[11:46:52:78] switching to sub-state: Scenes.Simulation.Scripts.MissionSubState
[11:46:52:78] switching to sub-state: Scenes.Simulation.Scripts.MissionSubState
[11:46:52:78] switching to sub-state: Scenes.Simulation.Scripts.MissionSubState
[11:46:52:79] switching to sub-state: Scenes.Simulation.Scripts.MissionSubState
[11:46:52:79] switching to sub-state: Scenes.Simulation.Scripts.MissionSubState
[11:46:52:79] switching to sub-state: Scenes.Simulation.Scripts.MissionSubState
[11:46:52:79] switching to sub-state: Scenes.Simulation.Scripts.MissionSubState
[11:46:52:79] switching to sub-state: Scenes.Simulation.Scripts.MissionSubState
[11:46:52:79] switching to sub-state: Scenes.Simulation.Scripts.MissionSubState
[11:46:52:79] switching to sub-state: Scenes.Simulation.Scripts.MissionSubState
[11:46:52:79] switching to sub-state: Scenes.Simulation.Scripts.MissionSubState
[11:46:52:79] switching to sub-state: Scenes.Simulation.Scripts.MissionSubState
[11:46:52:79] switching to sub-state: Scenes.Simulation.Scripts.MissionSubState
[11:46:52:79] switching to sub-state: Scenes.Simulation.Scripts.MissionSubState
[11:46:52:79] switching to sub-state: Scenes.Simulation.Scripts.MissionSubState
[11:46:52:79] switching to sub-state: Scenes.Simulation.Scripts.MissionSubState
[11:46:52:79] switching to sub-state: Scenes.Simulation.Scripts.MissionSubState
[11:46:52:79] switching to sub-state: Scenes.Simulation.Scripts.MissionSubState
[11:46:52:79] switching to sub-state: Scenes.Simulation.Scripts.MissionSubState
[11:46:52:79] switching to sub-state: Scenes.Simulation.Scripts.MissionSubState
[11:46:52:79] switching to sub-state: Scenes.Simulation.Scripts.MissionSubState
[11:46:52:79] switching to sub-state: Scenes.Simulation.Scripts.MissionSubState
[11:46:52:79] switching to sub-state: Scenes.Simulation.Scripts.MissionSubState
[11:46:52:79] switching to sub-state: Scenes.Simulation.Scripts.MissionSubState
[11:46:52:79] switching to sub-state: Scenes.Simulation.Scripts.MissionSubState
[11:46:52:79] switching to sub-state: Scenes.Simulation.Scripts.MissionSubState
[11:46:52:79] switching to sub-state: Scenes.Simulation.Scripts.MissionSubState
[11:46:52:79] switching to sub-state: Scenes.Simulation.Scripts.MissionSubState
[11:46:52:79] switching to sub-state: Scenes.Simulation.Scripts.MissionSubState
[11:46:52:79] switching to sub-state: Scenes.Simulation.Scripts.MissionSubState
[11:46:52:80] switching to sub-state: Scenes.Simulation.Scripts.MissionSubState
[11:46:52:80] switching to sub-state: Scenes.Simulation.Scripts.MissionSubState
[11:46:52:80] switching to sub-state: Scenes.Simulation.Scripts.MissionSubState
[11:46:52:80] switching to sub-state: Scenes.Simulation.Scripts.MissionSubState
[11:46:52:80] switching to sub-state: Scenes.Simulation.Scripts.MissionSubState
[11:46:52:80] switching to sub-state: Scenes.Simulation.Scripts.MissionSubState
[11:46:52:80] switching to sub-state: Scenes.Simulation.Scripts.MissionSubState
[11:46:52:80] switching to sub-state: Scenes.Simulation.Scripts.MissionSubState
[11:46:52:80] switching to sub-state: Scenes.Simulation.Scripts.MissionSubState
[11:46:52:80] switching to sub-state: Scenes.Simulation.Scripts.MissionSubState
[11:46:52:80] switching to sub-state: Scenes.Simulation.Scripts.MissionSubState
[11:46:52:80] switching to sub-state: Scenes.Simulation.Scripts.MissionSubState
[11:46:52:80] switching to sub-state: Scenes.Simulation.Scripts.MissionSubState
[11:46:52:80] switching to sub-state: Scenes.Simulation.Scripts.MissionSubState
[11:46:52:80] switching to sub-state: Scenes.Simulation.Scripts.MissionSubState
[11:46:52:80] switching to sub-state: Scenes.Simulation.Scripts.MissionSubState
[11:46:52:80] switching to sub-state: Scenes.Simulation.Scripts.MissionSubState
[11:46:52:80] switching to sub-state: Scenes.Simulation.Scripts.MissionSubState
[11:46:52:80] switching to sub-state: Scenes.Simulation.Scripts.MissionSubState
[11:46:52:80] switching to sub-state: Scenes.Simulation.Scripts.MissionSubState
[11:46:52:80] switching to sub-state: Scenes.Simulation.Scripts.MissionSubState
[11:46:52:80] switching to sub-state: Scenes.Simulation.Scripts.MissionSubState
[11:46:52:80] switching to sub-state: Scenes.Simulation.Scripts.MissionSubState
[11:46:52:80] switching to sub-state: Scenes.Simulation.Scripts.MissionSubState
[11:46:52:80] switching to sub-state: Scenes.Simulation.Scripts.MissionSubState
[11:46:52:80] switching to sub-state: Scenes.Simulation.Scripts.MissionSubState
[11:46:52:81] switching to sub-state: Scenes.Simulation.Scripts.MissionSubState
[11:46:52:81] switching to sub-state: Scenes.Simulation.Scripts.MissionSubState
[11:46:52:81] switching to sub-state: Scenes.Simulation.Scripts.MissionSubState
[11:46:52:81] switching to sub-state: Scenes.Simulation.Scripts.MissionSubState
[11:46:52:81] switching to sub-state: Scenes.Simulation.Scripts.MissionSubState
[11:46:52:81] switching to sub-state: Scenes.Simulation.Scripts.MissionSubState
[11:46:52:81] switching to sub-state: Scenes.Simulation.Scripts.MissionSubState
[11:46:52:81] switching to sub-state: Scenes.Simulation.Scripts.MissionSubState
[11:46:52:81] switching to sub-state: Scenes.Simulation.Scripts.MissionSubState
[11:46:52:81] switching to sub-state: Scenes.Simulation.Scripts.MissionSubState
[11:46:52:81] switching to sub-state: Scenes.Simulation.Scripts.MissionSubState
[11:46:52:81] switching to sub-state: Scenes.Simulation.Scripts.MissionSubState
[11:46:52:81] switching to sub-state: Scenes.Simulation.Scripts.MissionSubState
[11:46:52:81] switching to sub-state: Scenes.Simulation.Scripts.MissionSubState
[11:46:52:81] switching to sub-state: Scenes.Simulation.Scripts.MissionSubState
[11:46:52:81] switching to sub-state: Scenes.Simulation.Scripts.MissionSubState
[11:46:52:81] switching to sub-state: Scenes.Simulation.Scripts.MissionSubState
[11:46:52:81] switching to sub-state: Scenes.Simulation.Scripts.MissionSubState
[11:46:52:81] switching to sub-state: Scenes.Simulation.Scripts.MissionSubState
[11:46:52:81] switching to sub-state: Scenes.Simulation.Scripts.MissionSubState
[11:46:52:81] switching to sub-state: Scenes.Simulation.Scripts.MissionSubState
[11:46:52:81] switching to sub-state: Scenes.Simulation.Scripts.MissionSubState
[11:46:52:81] switching to sub-state: Scenes.Simulation.Scripts.MissionSubState
[11:46:52:81] switching to sub-state: Scenes.Simulation.Scripts.MissionSubState
[11:46:52:81] switching to sub-state: Scenes.Simulation.Scripts.MissionSubState
[11:46:52:81] switching to sub-state: Scenes.Simulation.Scripts.MissionSubState
[11:46:52:81] switching to sub-state: Scenes.Simulation.Scripts.MissionSubState
[11:46:52:81] switching to sub-state: Scenes.Simulation.Scripts.MissionSubState
[11:46:52:82] switching to sub-state: Scenes.Simulation.Scripts.MissionSubState
[11:46:52:82] switching to sub-state: Scenes.Simulation.Scripts.MissionSubState
[11:46:52:82] switching to sub-state: Scenes.Simulation.Scripts.MissionSubState
[11:46:52:82] switching to sub-state: Scenes.Simulation.Scripts.MissionSubState
[11:46:52:82] switching to sub-state: Scenes.Simulation.Scripts.MissionSubState
[11:46:52:82] switching to sub-state: Scenes.Simulation.Scripts.MissionSubState
[11:46:52:82] switching to sub-state: Scenes.Simulation.Scripts.MissionSubState
[11:46:52:82] switching to sub-state: Scenes.Simulation.Scripts.MissionSubState
[11:46:52:82] switching to sub-state: Scenes.Simulation.Scripts.MissionSubState
[11:46:52:82] switching to sub-state: Scenes.Simulation.Scripts.MissionSubState
[11:46:52:82] switching to sub-state: Scenes.Simulation.Scripts.MissionSubState
[11:46:52:82] switching to sub-state: Scenes.Simulation.Scripts.MissionSubState
[11:46:52:82] switching to sub-state: Scenes.Simulation.Scripts.MissionSubState
[11:46:52:82] switching to sub-state: Scenes.Simulation.Scripts.MissionSubState
[11:46:52:82] switching to sub-state: Scenes.Simulation.Scripts.MissionSubState
[11:46:52:82] switching to sub-state: Scenes.Simulation.Scripts.MissionSubState
[11:46:52:82] switching to sub-state: Scenes.Simulation.Scripts.MissionSubState
[11:46:52:82] switching to sub-state: Scenes.Simulation.Scripts.MissionSubState
[11:46:52:82] switching to sub-state: Scenes.Simulation.Scripts.MissionSubState
[11:46:52:82] switching to sub-state: Scenes.Simulation.Scripts.MissionSubState
[11:46:52:82] switching to sub-state: Scenes.Simulation.Scripts.MissionSubState
[11:46:52:82] switching to sub-state: Scenes.Simulation.Scripts.MissionSubState
[11:46:52:82] switching to sub-state: Scenes.Simulation.Scripts.MissionSubState
[11:46:52:82] switching to sub-state: Scenes.Simulation.Scripts.MissionSubState
[11:46:52:82] switching to sub-state: Scenes.Simulation.Scripts.MissionSubState
[11:46:52:82] switching to sub-state: Scenes.Simulation.Scripts.MissionSubState
[11:46:52:82] switching to sub-state: Scenes.Simulation.Scripts.MissionSubState
[11:46:52:82] switching to sub-state: Scenes.Simulation.Scripts.MissionSubState
[11:46:52:83] switching to sub-state: Scenes.Simulation.Scripts.MissionSubState
[11:46:52:83] switching to sub-state: Scenes.Simulation.Scripts.MissionSubState
[11:46:52:83] switching to sub-state: Scenes.Simulation.Scripts.MissionSubState
[11:46:52:83] switching to sub-state: Scenes.Simulation.Scripts.MissionSubState
[11:46:52:83] switching to sub-state: Scenes.Simulation.Scripts.MissionSubState
[11:46:52:83] switching to sub-state: Scenes.Simulation.Scripts.MissionSubState
[11:46:52:83] switching to sub-state: Scenes.Simulation.Scripts.MissionSubState
[11:46:52:83] switching to sub-state: Scenes.Simulation.Scripts.MissionSubState
[11:46:52:83] switching to sub-state: Scenes.Simulation.Scripts.MissionSubState
[11:46:52:83] switching to sub-state: Scenes.Simulation.Scripts.MissionSubState
[11:46:52:83] switching to sub-state: Scenes.Simulation.Scripts.MissionSubState
[11:46:52:83] switching to sub-state: Scenes.Simulation.Scripts.MissionSubState
[11:46:52:83] switching to sub-state: Scenes.Simulation.Scripts.MissionSubState
[11:46:52:83] switching to sub-state: Scenes.Simulation.Scripts.MissionSubState
[11:46:52:83] switching to sub-state: Scenes.Simulation.Scripts.MissionSubState
[11:46:52:83] switching to sub-state: Scenes.Simulation.Scripts.MissionSubState
[11:46:52:83] switching to sub-state: Scenes.Simulation.Scripts.MissionSubState
[11:46:52:83] switching to sub-state: Scenes.Simulation.Scripts.MissionSubState
[11:46:52:83] switching to sub-state: Scenes.Simulation.Scripts.MissionSubState
[11:46:52:83] switching to sub-state: Scenes.Simulation.Scripts.MissionSubState
[11:46:52:83] switching to sub-state: Scenes.Simulation.Scripts.MissionSubState
[11:46:52:83] switching to sub-state: Scenes.Simulation.Scripts.MissionSubState
[11:46:52:83] switching to sub-state: Scenes.Simulation.Scripts.MissionSubState
[11:46:52:83] switching to sub-state: Scenes.Simulation.Scripts.MissionSubState
[11:46:52:83] switching to sub-state: Scenes.Simulation.Scripts.MissionSubState
[11:46:52:83] switching to sub-state: Scenes.Simulation.Scripts.MissionSubState
[11:46:52:83] switching to sub-state: Scenes.Simulation.Scripts.MissionSubState
[11:46:52:83] switching to sub-state: Scenes.Simulation.Scripts.MissionSubState
[11:46:52:84] switching to sub-state: Scenes.Simulation.Scripts.MissionSubState
[11:46:52:84] switching to sub-state: Scenes.Simulation.Scripts.MissionSubState
[11:46:52:84] switching to sub-state: Scenes.Simulation.Scripts.MissionSubState
[11:46:52:84] switching to sub-state: Scenes.Simulation.Scripts.MissionSubState
[11:46:52:84] switching to sub-state: Scenes.Simulation.Scripts.MissionSubState
[11:46:52:84] switching to sub-state: Scenes.Simulation.Scripts.MissionSubState
[11:46:52:84] switching to sub-state: Scenes.Simulation.Scripts.MissionSubState
[11:46:52:84] switching to sub-state: Scenes.Simulation.Scripts.MissionSubState
[11:46:52:84] switching to sub-state: Scenes.Simulation.Scripts.MissionSubState
[11:46:52:84] switching to sub-state: Scenes.Simulation.Scripts.MissionSubState
[11:46:52:84] switching to sub-state: Scenes.Simulation.Scripts.MissionSubState
[11:46:52:84] switching to sub-state: Scenes.Simulation.Scripts.MissionSubState
[11:46:52:84] switching to sub-state: Scenes.Simulation.Scripts.MissionSubState
[11:46:52:84] switching to sub-state: Scenes.Simulation.Scripts.MissionSubState
[11:46:52:84] switching to sub-state: Scenes.Simulation.Scripts.MissionSubState
[11:46:52:84] switching to sub-state: Scenes.Simulation.Scripts.MissionSubState
[11:46:52:84] switching to sub-state: Scenes.Simulation.Scripts.MissionSubState
[11:46:52:84] switching to sub-state: Scenes.Simulation.Scripts.MissionSubState
[11:46:52:84] switching to sub-state: Scenes.Simulation.Scripts.MissionSubState
[11:46:52:84] switching to sub-state: Scenes.Simulation.Scripts.MissionSubState
[11:46:52:84] switching to sub-state: Scenes.Simulation.Scripts.MissionSubState
[11:46:52:84] switching to sub-state: Scenes.Simulation.Scripts.MissionSubState
[11:46:52:84] switching to sub-state: Scenes.Simulation.Scripts.MissionSubState
[11:46:52:84] switching to sub-state: Scenes.Simulation.Scripts.MissionSubState
[11:46:52:84] switching to sub-state: Scenes.Simulation.Scripts.MissionSubState
[11:46:52:84] switching to sub-state: Scenes.Simulation.Scripts.MissionSubState
[11:46:52:84] switching to sub-state: Scenes.Simulation.Scripts.MissionSubState
[11:46:52:85] switching to sub-state: Scenes.Simulation.Scripts.MissionSubState
[11:46:52:85] switching to sub-state: Scenes.Simulation.Scripts.MissionSubState
[11:46:52:85] switching to sub-state: Scenes.Simulation.Scripts.MissionSubState
[11:46:52:85] switching to sub-state: Scenes.Simulation.Scripts.MissionSubState
[11:46:52:85] switching to sub-state: Scenes.Simulation.Scripts.MissionSubState
[11:46:52:85] switching to sub-state: Scenes.Simulation.Scripts.MissionSubState
[11:46:52:85] switching to sub-state: Scenes.Simulation.Scripts.MissionSubState
[11:46:52:85] switching to sub-state: Scenes.Simulation.Scripts.MissionSubState
[11:46:52:85] switching to sub-state: Scenes.Simulation.Scripts.MissionSubState
[11:46:52:85] switching to sub-state: Scenes.Simulation.Scripts.MissionSubState
[11:46:52:85] switching to sub-state: Scenes.Simulation.Scripts.MissionSubState
[11:46:52:85] switching to sub-state: Scenes.Simulation.Scripts.MissionSubState
[11:46:52:85] switching to sub-state: Scenes.Simulation.Scripts.MissionSubState
[11:46:52:85] switching to sub-state: Scenes.Simulation.Scripts.MissionSubState
[11:46:52:85] switching to sub-state: Scenes.Simulation.Scripts.MissionSubState
[11:46:52:85] switching to sub-state: Scenes.Simulation.Scripts.MissionSubState
[11:46:52:85] switching to sub-state: Scenes.Simulation.Scripts.MissionSubState
[11:46:52:85] switching to sub-state: Scenes.Simulation.Scripts.MissionSubState
[11:46:52:85] switching to sub-state: Scenes.Simulation.Scripts.MissionSubState
[11:46:52:85] switching to sub-state: Scenes.Simulation.Scripts.MissionSubState
[11:46:52:85] switching to sub-state: Scenes.Simulation.Scripts.MissionSubState
[11:46:52:85] switching to sub-state: Scenes.Simulation.Scripts.MissionSubState
[11:46:52:85] switching to sub-state: Scenes.Simulation.Scripts.MissionSubState
[11:46:52:85] switching to sub-state: Scenes.Simulation.Scripts.MissionSubState
[11:46:52:85] switching to sub-state: Scenes.Simulation.Scripts.MissionSubState
[11:46:52:85] switching to sub-state: Scenes.Simulation.Scripts.MissionSubState
[11:46:52:85] switching to sub-state: Scenes.Simulation.Scripts.MissionSubState
[11:46:52:85] switching to sub-state: Scenes.Simulation.Scripts.MissionSubState
[11:46:52:86] switching to sub-state: Scenes.Simulation.Scripts.MissionSubState
[11:46:52:86] switching to sub-state: Scenes.Simulation.Scripts.MissionSubState
[11:46:52:86] switching to sub-state: Scenes.Simulation.Scripts.MissionSubState
[11:46:52:86] switching to sub-state: Scenes.Simulation.Scripts.MissionSubState
[11:46:52:86] switching to sub-state: Scenes.Simulation.Scripts.MissionSubState
[11:46:53:40] switching to sub-state: Scenes.Simulation.Scripts.MissionSubState
[11:46:53:40] switching to sub-state: Scenes.Simulation.Scripts.MissionSubState
[11:46:53:40] switching to sub-state: Scenes.Simulation.Scripts.MissionSubState
[11:46:53:40] switching to sub-state: Scenes.Simulation.Scripts.MissionSubState
[11:46:53:40] switching to sub-state: Scenes.Simulation.Scripts.MissionSubState
[11:46:53:40] switching to sub-state: Scenes.Simulation.Scripts.MissionSubState
[11:46:53:40] switching to sub-state: Scenes.Simulation.Scripts.MissionSubState
[11:46:53:40] switching to sub-state: Scenes.Simulation.Scripts.MissionSubState
[11:46:53:40] switching to sub-state: Scenes.Simulation.Scripts.MissionSubState
[11:46:53:40] switching to sub-state: Scenes.Simulation.Scripts.MissionSubState
[11:46:53:40] switching to sub-state: Scenes.Simulation.Scripts.MissionSubState
[11:46:53:40] switching to sub-state: Scenes.Simulation.Scripts.MissionSubState
[11:46:53:40] switching to sub-state: Scenes.Simulation.Scripts.MissionSubState
[11:46:53:40] switching to sub-state: Scenes.Simulation.Scripts.MissionSubState
[11:46:53:40] switching to sub-state: Scenes.Simulation.Scripts.MissionSubState
[11:46:53:40] switching to sub-state: Scenes.Simulation.Scripts.MissionSubState
[11:46:53:40] switching to sub-state: Scenes.Simulation.Scripts.MissionSubState
[11:46:53:40] switching to sub-state: Scenes.Simulation.Scripts.MissionSubState
[11:46:53:40] switching to sub-state: Scenes.Simulation.Scripts.MissionSubState
[11:46:53:40] switching to sub-state: Scenes.Simulation.Scripts.MissionSubState
[11:46:53:40] switching to sub-state: Scenes.Simulation.Scripts.MissionSubState
[11:46:53:40] switching to sub-state: Scenes.Simulation.Scripts.MissionSubState
[11:46:53:41] switching to sub-state: Scenes.Simulation.Scripts.MissionSubState
[11:46:53:41] switching to sub-state: Scenes.Simulation.Scripts.MissionSubState
[11:46:53:41] switching to sub-state: Scenes.Simulation.Scripts.MissionSubState
[11:46:53:41] switching to sub-state: Scenes.Simulation.Scripts.MissionSubState
[11:46:53:41] switching to sub-state: Scenes.Simulation.Scripts.MissionSubState
[11:46:53:41] switching to sub-state: Scenes.Simulation.Scripts.MissionSubState
[11:46:53:41] switching to sub-state: Scenes.Simulation.Scripts.MissionSubState
[11:46:53:41] switching to sub-state: Scenes.Simulation.Scripts.MissionSubState
[11:46:53:41] switching to sub-state: Scenes.Simulation.Scripts.MissionSubState
[11:46:53:41] switching to sub-state: Scenes.Simulation.Scripts.MissionSubState
[11:46:53:41] switching to sub-state: Scenes.Simulation.Scripts.MissionSubState
[11:46:53:41] switching to sub-state: Scenes.Simulation.Scripts.MissionSubState
[11:46:53:41] switching to sub-state: Scenes.Simulation.Scripts.MissionSubState
[11:46:53:41] switching to sub-state: Scenes.Simulation.Scripts.MissionSubState
[11:46:53:41] switching to sub-state: Scenes.Simulation.Scripts.MissionSubState
[11:46:53:41] switching to sub-state: Scenes.Simulation.Scripts.MissionSubState
[11:46:53:41] switching to sub-state: Scenes.Simulation.Scripts.MissionSubState
[11:46:53:41] switching to sub-state: Scenes.Simulation.Scripts.MissionSubState
[11:46:53:41] switching to sub-state: Scenes.Simulation.Scripts.MissionSubState
[11:46:53:41] switching to sub-state: Scenes.Simulation.Scripts.MissionSubState
[11:46:53:41] switching to sub-state: Scenes.Simulation.Scripts.MissionSubState
[11:46:53:41] switching to sub-state: Scenes.Simulation.Scripts.MissionSubState
[11:46:53:41] switching to sub-state: Scenes.Simulation.Scripts.MissionSubState
[11:46:53:41] switching to sub-state: Scenes.Simulation.Scripts.MissionSubState
[11:46:53:41] switching to sub-state: Scenes.Simulation.Scripts.MissionSubState
[11:46:53:41] switching to sub-state: Scenes.Simulation.Scripts.MissionSubState
[11:46:53:41] switching to sub-state: Scenes.Simulation.Scripts.MissionSubState
[11:46:53:41] switching to sub-state: Scenes.Simulation.Scripts.MissionSubState
[11:46:53:41] switching to sub-state: Scenes.Simulation.Scripts.MissionSubState
[11:46:53:41] switching to sub-state: Scenes.Simulation.Scripts.MissionSubState
[11:46:53:41] switching to sub-state: Scenes.Simulation.Scripts.MissionSubState
[11:46:53:42] switching to sub-state: Scenes.Simulation.Scripts.MissionSubState
[11:46:53:42] switching to sub-state: Scenes.Simulation.Scripts.MissionSubState
[11:46:53:42] switching to sub-state: Scenes.Simulation.Scripts.MissionSubState
[11:46:53:42] switching to sub-state: Scenes.Simulation.Scripts.MissionSubState
[11:46:53:42] switching to sub-state: Scenes.Simulation.Scripts.MissionSubState
[11:46:53:42] switching to sub-state: Scenes.Simulation.Scripts.MissionSubState
[11:46:53:42] switching to sub-state: Scenes.Simulation.Scripts.MissionSubState
[11:46:53:42] switching to sub-state: Scenes.Simulation.Scripts.MissionSubState
[11:46:53:42] switching to sub-state: Scenes.Simulation.Scripts.MissionSubState
[11:46:53:42] switching to sub-state: Scenes.Simulation.Scripts.MissionSubState
[11:46:53:42] switching to sub-state: Scenes.Simulation.Scripts.MissionSubState
[11:46:53:42] switching to sub-state: Scenes.Simulation.Scripts.MissionSubState
[11:46:53:42] switching to sub-state: Scenes.Simulation.Scripts.MissionSubState
[11:46:53:42] switching to sub-state: Scenes.Simulation.Scripts.MissionSubState
[11:46:53:42] switching to sub-state: Scenes.Simulation.Scripts.MissionSubState
[11:46:53:42] switching to sub-state: Scenes.Simulation.Scripts.MissionSubState
[11:46:53:42] switching to sub-state: Scenes.Simulation.Scripts.MissionSubState
[11:46:53:42] switching to sub-state: Scenes.Simulation.Scripts.MissionSubState
[11:46:53:42] switching to sub-state: Scenes.Simulation.Scripts.MissionSubState
[11:46:53:42] switching to sub-state: Scenes.Simulation.Scripts.MissionSubState
[11:46:53:42] switching to sub-state: Scenes.Simulation.Scripts.MissionSubState
[11:46:53:42] switching to sub-state: Scenes.Simulation.Scripts.MissionSubState
[11:46:53:42] switching to sub-state: Scenes.Simulation.Scripts.MissionSubState
[11:46:53:42] switching to sub-state: Scenes.Simulation.Scripts.MissionSubState
[11:46:53:42] switching to sub-state: Scenes.Simulation.Scripts.MissionSubState
[11:46:53:42] switching to sub-state: Scenes.Simulation.Scripts.MissionSubState
[11:46:53:42] switching to sub-state: Scenes.Simulation.Scripts.MissionSubState
[11:46:53:43] switching to sub-state: Scenes.Simulation.Scripts.MissionSubState
[11:46:53:43] switching to sub-state: Scenes.Simulation.Scripts.MissionSubState
[11:46:53:43] switching to sub-state: Scenes.Simulation.Scripts.MissionSubState
[11:46:53:43] switching to sub-state: Scenes.Simulation.Scripts.MissionSubState
[11:46:53:43] switching to sub-state: Scenes.Simulation.Scripts.MissionSubState
[11:46:53:43] switching to sub-state: Scenes.Simulation.Scripts.MissionSubState
[11:46:53:43] switching to sub-state: Scenes.Simulation.Scripts.MissionSubState
[11:46:53:43] switching to sub-state: Scenes.Simulation.Scripts.MissionSubState
[11:46:53:43] switching to sub-state: Scenes.Simulation.Scripts.MissionSubState
[11:46:53:43] switching to sub-state: Scenes.Simulation.Scripts.MissionSubState
[11:46:53:43] switching to sub-state: Scenes.Simulation.Scripts.MissionSubState
[11:46:53:43] switching to sub-state: Scenes.Simulation.Scripts.MissionSubState
[11:46:53:43] switching to sub-state: Scenes.Simulation.Scripts.MissionSubState
[11:46:53:43] switching to sub-state: Scenes.Simulation.Scripts.MissionSubState
[11:46:53:43] switching to sub-state: Scenes.Simulation.Scripts.MissionSubState
[11:46:53:43] switching to sub-state: Scenes.Simulation.Scripts.MissionSubState
[11:46:53:43] switching to sub-state: Scenes.Simulation.Scripts.MissionSubState
[11:46:53:43] switching to sub-state: Scenes.Simulation.Scripts.MissionSubState
[11:46:53:43] switching to sub-state: Scenes.Simulation.Scripts.MissionSubState
[11:46:53:43] switching to sub-state: Scenes.Simulation.Scripts.MissionSubState
[11:46:53:43] switching to sub-state: Scenes.Simulation.Scripts.MissionSubState
[11:46:53:43] switching to sub-state: Scenes.Simulation.Scripts.MissionSubState
[11:46:53:43] switching to sub-state: Scenes.Simulation.Scripts.MissionSubState
[11:46:53:43] switching to sub-state: Scenes.Simulation.Scripts.MissionSubState
[11:46:53:43] switching to sub-state: Scenes.Simulation.Scripts.MissionSubState
[11:46:53:43] switching to sub-state: Scenes.Simulation.Scripts.MissionSubState
[11:46:53:43] switching to sub-state: Scenes.Simulation.Scripts.MissionSubState
[11:46:53:43] switching to sub-state: Scenes.Simulation.Scripts.MissionSubState
[11:46:53:44] switching to sub-state: Scenes.Simulation.Scripts.MissionSubState
[11:46:53:44] switching to sub-state: Scenes.Simulation.Scripts.MissionSubState
[11:46:53:44] switching to sub-state: Scenes.Simulation.Scripts.MissionSubState
[11:46:53:44] switching to sub-state: Scenes.Simulation.Scripts.MissionSubState
[11:46:53:44] switching to sub-state: Scenes.Simulation.Scripts.MissionSubState
[11:46:53:44] switching to sub-state: Scenes.Simulation.Scripts.MissionSubState
[11:46:53:44] switching to sub-state: Scenes.Simulation.Scripts.MissionSubState
[11:46:53:44] switching to sub-state: Scenes.Simulation.Scripts.MissionSubState
[11:46:53:44] switching to sub-state: Scenes.Simulation.Scripts.MissionSubState
[11:46:53:44] switching to sub-state: Scenes.Simulation.Scripts.MissionSubState
[11:46:53:44] switching to sub-state: Scenes.Simulation.Scripts.MissionSubState
[11:46:53:44] switching to sub-state: Scenes.Simulation.Scripts.MissionSubState
[11:46:53:44] switching to sub-state: Scenes.Simulation.Scripts.MissionSubState
[11:46:53:44] switching to sub-state: Scenes.Simulation.Scripts.MissionSubState
[11:46:53:44] switching to sub-state: Scenes.Simulation.Scripts.MissionSubState
[11:46:53:44] switching to sub-state: Scenes.Simulation.Scripts.MissionSubState
[11:46:53:44] switching to sub-state: Scenes.Simulation.Scripts.MissionSubState
[11:46:53:44] switching to sub-state: Scenes.Simulation.Scripts.MissionSubState
[11:46:53:44] switching to sub-state: Scenes.Simulation.Scripts.MissionSubState
[11:46:53:44] switching to sub-state: Scenes.Simulation.Scripts.MissionSubState
[11:46:53:44] switching to sub-state: Scenes.Simulation.Scripts.MissionSubState
[11:46:53:44] switching to sub-state: Scenes.Simulation.Scripts.MissionSubState
[11:46:53:44] switching to sub-state: Scenes.Simulation.Scripts.MissionSubState
[11:46:53:44] switching to sub-state: Scenes.Simulation.Scripts.MissionSubState
[11:46:53:44] switching to sub-state: Scenes.Simulation.Scripts.MissionSubState
[11:46:53:45] switching to sub-state: Scenes.Simulation.Scripts.MissionSubState
[11:46:53:45] switching to sub-state: Scenes.Simulation.Scripts.MissionSubState
[11:46:53:45] switching to sub-state: Scenes.Simulation.Scripts.MissionSubState
[11:46:53:45] switching to sub-state: Scenes.Simulation.Scripts.MissionSubState
[11:46:53:45] switching to sub-state: Scenes.Simulation.Scripts.MissionSubState
[11:46:53:45] switching to sub-state: Scenes.Simulation.Scripts.MissionSubState
[11:46:53:45] switching to sub-state: Scenes.Simulation.Scripts.MissionSubState
[11:46:53:45] switching to sub-state: Scenes.Simulation.Scripts.MissionSubState
[11:46:53:45] switching to sub-state: Scenes.Simulation.Scripts.MissionSubState
[11:46:53:45] switching to sub-state: Scenes.Simulation.Scripts.MissionSubState
[11:46:53:45] switching to sub-state: Scenes.Simulation.Scripts.MissionSubState
[11:46:53:45] switching to sub-state: Scenes.Simulation.Scripts.MissionSubState
[11:46:53:45] switching to sub-state: Scenes.Simulation.Scripts.MissionSubState
[11:46:53:45] switching to sub-state: Scenes.Simulation.Scripts.MissionSubState
[11:46:53:45] switching to sub-state: Scenes.Simulation.Scripts.MissionSubState
[11:46:53:45] switching to sub-state: Scenes.Simulation.Scripts.MissionSubState
[11:46:53:45] switching to sub-state: Scenes.Simulation.Scripts.MissionSubState
[11:46:53:45] switching to sub-state: Scenes.Simulation.Scripts.MissionSubState
[11:46:53:45] switching to sub-state: Scenes.Simulation.Scripts.MissionSubState
[11:46:53:45] switching to sub-state: Scenes.Simulation.Scripts.MissionSubState
[11:46:53:45] switching to sub-state: Scenes.Simulation.Scripts.MissionSubState
[11:46:53:45] switching to sub-state: Scenes.Simulation.Scripts.MissionSubState
[11:46:53:45] switching to sub-state: Scenes.Simulation.Scripts.MissionSubState
[11:46:53:45] switching to sub-state: Scenes.Simulation.Scripts.MissionSubState
[11:46:53:45] switching to sub-state: Scenes.Simulation.Scripts.MissionSubState
[11:46:53:45] switching to sub-state: Scenes.Simulation.Scripts.MissionSubState
[11:46:53:45] switching to sub-state: Scenes.Simulation.Scripts.MissionSubState
[11:46:53:46] switching to sub-state: Scenes.Simulation.Scripts.MissionSubState
[11:46:53:46] switching to sub-state: Scenes.Simulation.Scripts.MissionSubState
[11:46:53:46] switching to sub-state: Scenes.Simulation.Scripts.MissionSubState
[11:46:53:46] switching to sub-state: Scenes.Simulation.Scripts.MissionSubState
[11:46:53:46] switching to sub-state: Scenes.Simulation.Scripts.MissionSubState
[11:46:53:46] switching to sub-state: Scenes.Simulation.Scripts.MissionSubState
[11:46:53:46] switching to sub-state: Scenes.Simulation.Scripts.MissionSubState
[11:46:53:46] switching to sub-state: Scenes.Simulation.Scripts.MissionSubState
[11:46:53:46] switching to sub-state: Scenes.Simulation.Scripts.MissionSubState
[11:46:53:46] switching to sub-state: Scenes.Simulation.Scripts.MissionSubState
[11:46:53:46] switching to sub-state: Scenes.Simulation.Scripts.MissionSubState
[11:46:53:46] switching to sub-state: Scenes.Simulation.Scripts.MissionSubState
[11:46:53:46] switching to sub-state: Scenes.Simulation.Scripts.MissionSubState
[11:46:53:46] switching to sub-state: Scenes.Simulation.Scripts.MissionSubState
[11:46:53:46] switching to sub-state: Scenes.Simulation.Scripts.MissionSubState
[11:46:53:46] switching to sub-state: Scenes.Simulation.Scripts.MissionSubState
[11:46:53:46] switching to sub-state: Scenes.Simulation.Scripts.MissionSubState
[11:46:53:46] switching to sub-state: Scenes.Simulation.Scripts.MissionSubState
[11:46:53:46] switching to sub-state: Scenes.Simulation.Scripts.MissionSubState
[11:46:53:46] switching to sub-state: Scenes.Simulation.Scripts.MissionSubState
[11:46:53:46] switching to sub-state: Scenes.Simulation.Scripts.MissionSubState
[11:46:53:46] switching to sub-state: Scenes.Simulation.Scripts.MissionSubState
[11:46:53:46] switching to sub-state: Scenes.Simulation.Scripts.MissionSubState
[11:46:53:46] switching to sub-state: Scenes.Simulation.Scripts.MissionSubState
[11:46:53:46] switching to sub-state: Scenes.Simulation.Scripts.MissionSubState
[11:46:53:47] switching to sub-state: Scenes.Simulation.Scripts.MissionSubState
[11:46:53:47] switching to sub-state: Scenes.Simulation.Scripts.MissionSubState
[11:46:53:47] switching to sub-state: Scenes.Simulation.Scripts.MissionSubState
[11:46:53:47] switching to sub-state: Scenes.Simulation.Scripts.MissionSubState
[11:46:53:47] switching to sub-state: Scenes.Simulation.Scripts.MissionSubState
[11:46:53:47] switching to sub-state: Scenes.Simulation.Scripts.MissionSubState
[11:46:53:47] switching to sub-state: Scenes.Simulation.Scripts.MissionSubState
[11:46:53:47] switching to sub-state: Scenes.Simulation.Scripts.MissionSubState
[11:46:53:47] switching to sub-state: Scenes.Simulation.Scripts.MissionSubState
[11:46:53:47] switching to sub-state: Scenes.Simulation.Scripts.MissionSubState
[11:46:53:47] switching to sub-state: Scenes.Simulation.Scripts.MissionSubState
[11:46:53:47] switching to sub-state: Scenes.Simulation.Scripts.MissionSubState
[11:46:53:47] switching to sub-state: Scenes.Simulation.Scripts.MissionSubState
[11:46:53:47] switching to sub-state: Scenes.Simulation.Scripts.MissionSubState
[11:46:53:47] switching to sub-state: Scenes.Simulation.Scripts.MissionSubState
[11:46:53:47] switching to sub-state: Scenes.Simulation.Scripts.MissionSubState
[11:46:53:47] switching to sub-state: Scenes.Simulation.Scripts.MissionSubState
[11:46:53:47] switching to sub-state: Scenes.Simulation.Scripts.MissionSubState
[11:46:53:47] switching to sub-state: Scenes.Simulation.Scripts.MissionSubState
[11:46:53:47] switching to sub-state: Scenes.Simulation.Scripts.MissionSubState
[11:46:53:47] switching to sub-state: Scenes.Simulation.Scripts.MissionSubState
[11:46:53:47] switching to sub-state: Scenes.Simulation.Scripts.MissionSubState
[11:46:53:47] switching to sub-state: Scenes.Simulation.Scripts.MissionSubState
[11:46:53:47] switching to sub-state: Scenes.Simulation.Scripts.MissionSubState
[11:46:53:47] switching to sub-state: Scenes.Simulation.Scripts.MissionSubState
[11:46:53:47] switching to sub-state: Scenes.Simulation.Scripts.MissionSubState
[11:46:53:47] switching to sub-state: Scenes.Simulation.Scripts.MissionSubState
[11:46:53:47] switching to sub-state: Scenes.Simulation.Scripts.MissionSubState
[11:46:53:48] switching to sub-state: Scenes.Simulation.Scripts.MissionSubState
[11:46:53:48] switching to sub-state: Scenes.Simulation.Scripts.MissionSubState
[11:46:53:48] switching to sub-state: Scenes.Simulation.Scripts.MissionSubState
[11:46:53:48] switching to sub-state: Scenes.Simulation.Scripts.MissionSubState
[11:46:53:48] switching to sub-state: Scenes.Simulation.Scripts.MissionSubState
[11:46:53:48] switching to sub-state: Scenes.Simulation.Scripts.MissionSubState
[11:46:53:48] switching to sub-state: Scenes.Simulation.Scripts.MissionSubState
[11:46:53:48] switching to sub-state: Scenes.Simulation.Scripts.MissionSubState
[11:46:53:48] switching to sub-state: Scenes.Simulation.Scripts.MissionSubState
[11:46:53:48] switching to sub-state: Scenes.Simulation.Scripts.MissionSubState
[11:46:53:48] switching to sub-state: Scenes.Simulation.Scripts.MissionSubState
[11:46:53:48] switching to sub-state: Scenes.Simulation.Scripts.MissionSubState
[11:46:53:48] switching to sub-state: Scenes.Simulation.Scripts.MissionSubState
[11:46:53:48] switching to sub-state: Scenes.Simulation.Scripts.MissionSubState
[11:46:53:48] switching to sub-state: Scenes.Simulation.Scripts.MissionSubState
[11:46:53:48] switching to sub-state: Scenes.Simulation.Scripts.MissionSubState
[11:46:53:48] switching to sub-state: Scenes.Simulation.Scripts.MissionSubState
[11:46:53:48] switching to sub-state: Scenes.Simulation.Scripts.MissionSubState
[11:46:53:48] switching to sub-state: Scenes.Simulation.Scripts.MissionSubState
[11:46:53:48] switching to sub-state: Scenes.Simulation.Scripts.MissionSubState
[11:46:53:48] switching to sub-state: Scenes.Simulation.Scripts.MissionSubState
[11:46:53:48] switching to sub-state: Scenes.Simulation.Scripts.MissionSubState
[11:46:53:48] switching to sub-state: Scenes.Simulation.Scripts.MissionSubState
[11:46:55:47] Mission W-7_S-1 Completed unsuccessfully
[11:46:55:47] switching to sub-state: Scenes.Simulation.Scripts.MissionSubState
[11:46:55:47] switching to sub-state: Scenes.Simulation.Scripts.MissionSubState
[11:46:55:47] switching to sub-state: Scenes.Simulation.Scripts.MissionSubState
[11:46:55:47] switching to sub-state: Scenes.Simulation.Scripts.MissionSubState
[11:46:55:48] switching to sub-state: Scenes.Simulation.Scripts.MissionSubState
[11:46:55:48] switching to sub-state: Scenes.Simulation.Scripts.MissionSubState
[11:46:55:48] switching to sub-state: Scenes.Simulation.Scripts.MissionSubState
[11:46:55:48] switching to sub-state: Scenes.Simulation.Scripts.MissionSubState
[11:46:55:48] switching to sub-state: Scenes.Simulation.Scripts.MissionSubState
[11:46:55:48] switching to sub-state: Scenes.Simulation.Scripts.MissionSubState
[11:46:55:48] switching to sub-state: Scenes.Simulation.Scripts.MissionSubState
[11:46:55:48] switching to sub-state: Scenes.Simulation.Scripts.MissionSubState
[11:46:55:48] switching to sub-state: Scenes.Simulation.Scripts.MissionSubState
[11:46:55:48] switching to sub-state: Scenes.Simulation.Scripts.MissionSubState
[11:46:55:48] switching to sub-state: Scenes.Simulation.Scripts.MissionSubState
[11:46:55:48] switching to sub-state: Scenes.Simulation.Scripts.MissionSubState
[11:46:55:48] switching to sub-state: Scenes.Simulation.Scripts.MissionSubState
[11:46:55:48] switching to sub-state: Scenes.Simulation.Scripts.MissionSubState
[11:46:55:48] switching to sub-state: Scenes.Simulation.Scripts.MissionSubState
[11:46:55:48] switching to sub-state: Scenes.Simulation.Scripts.MissionSubState
[11:46:55:48] switching to sub-state: Scenes.Simulation.Scripts.MissionSubState
[11:46:55:48] switching to sub-state: Scenes.Simulation.Scripts.MissionSubState
[11:46:55:48] switching to sub-state: Scenes.Simulation.Scripts.MissionSubState
[11:46:55:48] switching to sub-state: Scenes.Simulation.Scripts.MissionSubState
[11:46:55:48] switching to sub-state: Scenes.Simulation.Scripts.MissionSubState
[11:46:55:48] switching to sub-state: Scenes.Simulation.Scripts.MissionSubState
[11:46:55:48] switching to sub-state: Scenes.Simulation.Scripts.MissionSubState
[11:46:55:48] switching to sub-state: Scenes.Simulation.Scripts.MissionSubState
[11:46:55:49] switching to sub-state: Scenes.Simulation.Scripts.MissionSubState
[11:46:55:49] switching to sub-state: Scenes.Simulation.Scripts.MissionSubState
[11:46:55:49] switching to sub-state: Scenes.Simulation.Scripts.MissionSubState
[11:46:55:49] switching to sub-state: Scenes.Simulation.Scripts.MissionSubState
[11:46:55:49] switching to sub-state: Scenes.Simulation.Scripts.MissionSubState
[11:46:55:49] switching to sub-state: Scenes.Simulation.Scripts.MissionSubState
[11:46:55:49] switching to sub-state: Scenes.Simulation.Scripts.MissionSubState
[11:46:55:49] switching to sub-state: Scenes.Simulation.Scripts.MissionSubState
[11:46:55:49] switching to sub-state: Scenes.Simulation.Scripts.MissionSubState
[11:46:55:49] switching to sub-state: Scenes.Simulation.Scripts.MissionSubState
[11:46:55:49] switching to sub-state: Scenes.Simulation.Scripts.MissionSubState
[11:46:55:49] switching to sub-state: Scenes.Simulation.Scripts.MissionSubState
[11:46:55:49] switching to sub-state: Scenes.Simulation.Scripts.MissionSubState
[11:46:55:49] switching to sub-state: Scenes.Simulation.Scripts.MissionSubState
[11:46:55:49] switching to sub-state: Scenes.Simulation.Scripts.MissionSubState
[11:46:55:49] switching to sub-state: Scenes.Simulation.Scripts.MissionSubState
[11:46:55:49] switching to sub-state: Scenes.Simulation.Scripts.MissionSubState
[11:46:55:49] switching to sub-state: Scenes.Simulation.Scripts.MissionSubState
[11:46:55:49] switching to sub-state: Scenes.Simulation.Scripts.MissionSubState
[11:46:55:49] switching to sub-state: Scenes.Simulation.Scripts.MissionSubState
[11:46:55:49] switching to sub-state: Scenes.Simulation.Scripts.MissionSubState
[11:46:55:49] switching to sub-state: Scenes.Simulation.Scripts.MissionSubState
[11:46:55:49] switching to sub-state: Scenes.Simulation.Scripts.MissionSubState
[11:46:55:49] switching to sub-state: Scenes.Simulation.Scripts.MissionSubState
[11:46:55:50] switching to sub-state: Scenes.Simulation.Scripts.MissionSubState
[11:46:55:50] switching to sub-state: Scenes.Simulation.Scripts.MissionSubState
[11:46:55:50] switching to sub-state: Scenes.Simulation.Scripts.MissionSubState
[11:46:55:50] switching to sub-state: Scenes.Simulation.Scripts.MissionSubState
[11:46:55:50] switching to sub-state: Scenes.Simulation.Scripts.MissionSubState
[11:46:55:50] switching to sub-state: Scenes.Simulation.Scripts.MissionSubState
[11:46:55:50] switching to sub-state: Scenes.Simulation.Scripts.MissionSubState
[11:46:55:50] switching to sub-state: Scenes.Simulation.Scripts.MissionSubState
[11:46:55:50] switching to sub-state: Scenes.Simulation.Scripts.MissionSubState
[11:46:55:50] switching to sub-state: Scenes.Simulation.Scripts.MissionSubState
[11:46:55:50] switching to sub-state: Scenes.Simulation.Scripts.MissionSubState
[11:46:55:50] switching to sub-state: Scenes.Simulation.Scripts.MissionSubState
[11:46:55:50] switching to sub-state: Scenes.Simulation.Scripts.MissionSubState
[11:46:55:50] switching to sub-state: Scenes.Simulation.Scripts.MissionSubState
[11:46:55:50] switching to sub-state: Scenes.Simulation.Scripts.MissionSubState
[11:46:55:50] switching to sub-state: Scenes.Simulation.Scripts.MissionSubState
[11:46:55:50] switching to sub-state: Scenes.Simulation.Scripts.MissionSubState
[11:46:55:50] switching to sub-state: Scenes.Simulation.Scripts.MissionSubState
[11:46:55:50] switching to sub-state: Scenes.Simulation.Scripts.MissionSubState
[11:46:55:50] switching to sub-state: Scenes.Simulation.Scripts.MissionSubState
[11:46:55:50] switching to sub-state: Scenes.Simulation.Scripts.MissionSubState
[11:46:55:51] switching to sub-state: Scenes.Simulation.Scripts.MissionSubState
[11:46:55:51] switching to sub-state: Scenes.Simulation.Scripts.MissionSubState
[11:46:55:51] switching to sub-state: Scenes.Simulation.Scripts.MissionSubState
[11:46:55:51] switching to sub-state: Scenes.Simulation.Scripts.MissionSubState
[11:46:55:51] switching to sub-state: Scenes.Simulation.Scripts.MissionSubState
[11:46:55:51] switching to sub-state: Scenes.Simulation.Scripts.MissionSubState
[11:46:55:51] switching to sub-state: Scenes.Simulation.Scripts.MissionSubState
[11:46:55:51] switching to sub-state: Scenes.Simulation.Scripts.MissionSubState
[11:46:55:51] switching to sub-state: Scenes.Simulation.Scripts.MissionSubState
[11:46:55:51] switching to sub-state: Scenes.Simulation.Scripts.MissionSubState
[11:46:55:51] switching to sub-state: Scenes.Simulation.Scripts.MissionSubState
[11:46:55:51] switching to sub-state: Scenes.Simulation.Scripts.MissionSubState
[11:46:55:51] switching to sub-state: Scenes.Simulation.Scripts.MissionSubState
[11:46:55:51] switching to sub-state: Scenes.Simulation.Scripts.MissionSubState
[11:46:55:51] switching to sub-state: Scenes.Simulation.Scripts.MissionSubState
[11:46:55:51] switching to sub-state: Scenes.Simulation.Scripts.MissionSubState
[11:46:55:51] switching to sub-state: Scenes.Simulation.Scripts.MissionSubState
[11:46:55:51] switching to sub-state: Scenes.Simulation.Scripts.MissionSubState
[11:46:55:51] switching to sub-state: Scenes.Simulation.Scripts.MissionSubState
[11:46:55:51] switching to sub-state: Scenes.Simulation.Scripts.MissionSubState
[11:46:55:51] switching to sub-state: Scenes.Simulation.Scripts.MissionSubState
[11:46:55:52] switching to sub-state: Scenes.Simulation.Scripts.MissionSubState
[11:46:55:52] switching to sub-state: Scenes.Simulation.Scripts.MissionSubState
[11:46:55:52] switching to sub-state: Scenes.Simulation.Scripts.MissionSubState
[11:46:55:52] switching to sub-state: Scenes.Simulation.Scripts.MissionSubState
[11:46:55:52] switching to sub-state: Scenes.Simulation.Scripts.MissionSubState
[11:46:55:52] switching to sub-state: Scenes.Simulation.Scripts.MissionSubState
[11:46:55:52] switching to sub-state: Scenes.Simulation.Scripts.MissionSubState
[11:46:55:52] switching to sub-state: Scenes.Simulation.Scripts.MissionSubState
[11:46:55:52] switching to sub-state: Scenes.Simulation.Scripts.MissionSubState
[11:46:55:52] switching to sub-state: Scenes.Simulation.Scripts.MissionSubState
[11:46:55:52] switching to sub-state: Scenes.Simulation.Scripts.MissionSubState
[11:46:55:52] switching to sub-state: Scenes.Simulation.Scripts.MissionSubState
[11:46:55:52] switching to sub-state: Scenes.Simulation.Scripts.MissionSubState
[11:46:55:52] switching to sub-state: Scenes.Simulation.Scripts.MissionSubState
[11:46:55:52] switching to sub-state: Scenes.Simulation.Scripts.MissionSubState
[11:46:55:52] switching to sub-state: Scenes.Simulation.Scripts.MissionSubState
[11:46:55:52] switching to sub-state: Scenes.Simulation.Scripts.MissionSubState
[11:46:55:52] switching to sub-state: Scenes.Simulation.Scripts.MissionSubState
[11:46:55:52] switching to sub-state: Scenes.Simulation.Scripts.MissionSubState
[11:46:55:52] switching to sub-state: Scenes.Simulation.Scripts.MissionSubState
[11:46:55:52] switching to sub-state: Scenes.Simulation.Scripts.MissionSubState
[11:46:55:52] switching to sub-state: Scenes.Simulation.Scripts.MissionSubState
[11:46:55:53] switching to sub-state: Scenes.Simulation.Scripts.MissionSubState
[11:46:55:53] switching to sub-state: Scenes.Simulation.Scripts.MissionSubState
[11:46:55:53] switching to sub-state: Scenes.Simulation.Scripts.MissionSubState
[11:46:55:53] switching to sub-state: Scenes.Simulation.Scripts.MissionSubState
[11:46:55:53] switching to sub-state: Scenes.Simulation.Scripts.MissionSubState
[11:46:55:53] switching to sub-state: Scenes.Simulation.Scripts.MissionSubState
[11:46:55:53] switching to sub-state: Scenes.Simulation.Scripts.MissionSubState
[11:46:55:53] switching to sub-state: Scenes.Simulation.Scripts.MissionSubState
[11:46:55:53] switching to sub-state: Scenes.Simulation.Scripts.MissionSubState
[11:46:55:53] switching to sub-state: Scenes.Simulation.Scripts.MissionSubState
[11:46:55:53] switching to sub-state: Scenes.Simulation.Scripts.MissionSubState
[11:46:55:53] switching to sub-state: Scenes.Simulation.Scripts.MissionSubState
[11:46:55:53] switching to sub-state: Scenes.Simulation.Scripts.MissionSubState
[11:46:55:53] switching to sub-state: Scenes.Simulation.Scripts.MissionSubState
[11:46:55:53] switching to sub-state: Scenes.Simulation.Scripts.MissionSubState
[11:46:55:53] switching to sub-state: Scenes.Simulation.Scripts.MissionSubState
[11:46:55:53] switching to sub-state: Scenes.Simulation.Scripts.MissionSubState
[11:46:55:53] switching to sub-state: Scenes.Simulation.Scripts.MissionSubState
[11:46:55:53] switching to sub-state: Scenes.Simulation.Scripts.MissionSubState
[11:46:55:53] switching to sub-state: Scenes.Simulation.Scripts.MissionSubState
[11:46:55:53] switching to sub-state: Scenes.Simulation.Scripts.MissionSubState
[11:46:55:53] switching to sub-state: Scenes.Simulation.Scripts.MissionSubState
[11:46:55:53] switching to sub-state: Scenes.Simulation.Scripts.MissionSubState
[11:46:55:54] switching to sub-state: Scenes.Simulation.Scripts.MissionSubState
[11:46:55:54] switching to sub-state: Scenes.Simulation.Scripts.MissionSubState
[11:46:55:54] switching to sub-state: Scenes.Simulation.Scripts.MissionSubState
[11:46:55:54] switching to sub-state: Scenes.Simulation.Scripts.MissionSubState
[11:46:55:54] switching to sub-state: Scenes.Simulation.Scripts.MissionSubState
[11:46:55:54] switching to sub-state: Scenes.Simulation.Scripts.MissionSubState
[11:46:55:54] switching to sub-state: Scenes.Simulation.Scripts.MissionSubState
[11:46:55:54] switching to sub-state: Scenes.Simulation.Scripts.MissionSubState
[11:46:55:54] switching to sub-state: Scenes.Simulation.Scripts.MissionSubState
[11:46:55:54] switching to sub-state: Scenes.Simulation.Scripts.MissionSubState
[11:46:55:54] switching to sub-state: Scenes.Simulation.Scripts.MissionSubState
[11:46:55:54] switching to sub-state: Scenes.Simulation.Scripts.MissionSubState
[11:46:55:54] switching to sub-state: Scenes.Simulation.Scripts.MissionSubState
[11:46:55:54] switching to sub-state: Scenes.Simulation.Scripts.MissionSubState
[11:46:55:54] switching to sub-state: Scenes.Simulation.Scripts.MissionSubState
[11:46:55:54] switching to sub-state: Scenes.Simulation.Scripts.MissionSubState
[11:46:55:54] switching to sub-state: Scenes.Simulation.Scripts.MissionSubState
[11:46:55:54] switching to sub-state: Scenes.Simulation.Scripts.MissionSubState
[11:46:55:54] switching to sub-state: Scenes.Simulation.Scripts.MissionSubState
[11:46:55:54] switching to sub-state: Scenes.Simulation.Scripts.MissionSubState
[11:46:55:54] switching to sub-state: Scenes.Simulation.Scripts.MissionSubState
[11:46:55:54] switching to sub-state: Scenes.Simulation.Scripts.MissionSubState
[11:46:55:54] switching to sub-state: Scenes.Simulation.Scripts.MissionSubState
[11:46:55:54] switching to sub-state: Scenes.Simulation.Scripts.MissionSubState
[11:46:55:54] switching to sub-state: Scenes.Simulation.Scripts.MissionSubState
[11:46:55:55] switching to sub-state: Scenes.Simulation.Scripts.MissionSubState
[11:46:55:55] switching to sub-state: Scenes.Simulation.Scripts.MissionSubState
[11:46:55:55] switching to sub-state: Scenes.Simulation.Scripts.MissionSubState
[11:46:55:55] switching to sub-state: Scenes.Simulation.Scripts.MissionSubState
[11:46:55:55] switching to sub-state: Scenes.Simulation.Scripts.MissionSubState
[11:46:55:55] switching to sub-state: Scenes.Simulation.Scripts.MissionSubState
[11:46:55:55] switching to sub-state: Scenes.Simulation.Scripts.MissionSubState
[11:46:55:55] switching to sub-state: Scenes.Simulation.Scripts.MissionSubState
[11:46:55:55] switching to sub-state: Scenes.Simulation.Scripts.MissionSubState
[11:46:55:55] switching to sub-state: Scenes.Simulation.Scripts.MissionSubState
[11:46:55:55] switching to sub-state: Scenes.Simulation.Scripts.MissionSubState
[11:46:55:55] switching to sub-state: Scenes.Simulation.Scripts.MissionSubState
[11:46:55:55] switching to sub-state: Scenes.Simulation.Scripts.MissionSubState
[11:46:55:55] switching to sub-state: Scenes.Simulation.Scripts.MissionSubState
[11:46:55:55] switching to sub-state: Scenes.Simulation.Scripts.MissionSubState
[11:46:55:55] switching to sub-state: Scenes.Simulation.Scripts.MissionSubState
[11:46:55:55] switching to sub-state: Scenes.Simulation.Scripts.MissionSubState
[11:46:55:55] switching to sub-state: Scenes.Simulation.Scripts.MissionSubState
[11:46:55:55] switching to sub-state: Scenes.Simulation.Scripts.MissionSubState
[11:46:55:55] switching to sub-state: Scenes.Simulation.Scripts.MissionSubState
[11:46:55:55] switching to sub-state: Scenes.Simulation.Scripts.MissionSubState
[11:46:55:55] switching to sub-state: Scenes.Simulation.Scripts.MissionSubState
[11:46:55:56] switching to sub-state: Scenes.Simulation.Scripts.MissionSubState
[11:46:55:56] switching to sub-state: Scenes.Simulation.Scripts.MissionSubState
[11:46:55:56] switching to sub-state: Scenes.Simulation.Scripts.MissionSubState
[11:46:55:56] switching to sub-state: Scenes.Simulation.Scripts.MissionSubState
[11:46:55:56] switching to sub-state: Scenes.Simulation.Scripts.MissionSubState
[11:46:55:56] switching to sub-state: Scenes.Simulation.Scripts.MissionSubState
[11:46:55:56] switching to sub-state: Scenes.Simulation.Scripts.MissionSubState
[11:46:55:56] switching to sub-state: Scenes.Simulation.Scripts.MissionSubState
[11:46:55:56] switching to sub-state: Scenes.Simulation.Scripts.MissionSubState
[11:46:55:56] switching to sub-state: Scenes.Simulation.Scripts.MissionSubState
[11:46:55:56] switching to sub-state: Scenes.Simulation.Scripts.MissionSubState
[11:46:55:56] switching to sub-state: Scenes.Simulation.Scripts.MissionSubState
[11:46:55:56] switching to sub-state: Scenes.Simulation.Scripts.MissionSubState
[11:46:55:56] switching to sub-state: Scenes.Simulation.Scripts.MissionSubState
[11:46:55:56] switching to sub-state: Scenes.Simulation.Scripts.MissionSubState
[11:46:55:56] switching to sub-state: Scenes.Simulation.Scripts.MissionSubState
[11:46:55:56] switching to sub-state: Scenes.Simulation.Scripts.MissionSubState
[11:46:55:56] switching to sub-state: Scenes.Simulation.Scripts.MissionSubState
[11:46:55:56] switching to sub-state: Scenes.Simulation.Scripts.MissionSubState
[11:46:55:56] switching to sub-state: Scenes.Simulation.Scripts.MissionSubState
[11:46:55:56] switching to sub-state: Scenes.Simulation.Scripts.MissionSubState
[11:46:55:56] switching to sub-state: Scenes.Simulation.Scripts.MissionSubState
[11:46:55:56] switching to sub-state: Scenes.Simulation.Scripts.MissionSubState
[11:46:55:57] switching to sub-state: Scenes.Simulation.Scripts.MissionSubState
[11:46:55:57] switching to sub-state: Scenes.Simulation.Scripts.MissionSubState
[11:46:55:57] switching to sub-state: Scenes.Simulation.Scripts.MissionSubState
[11:46:55:57] switching to sub-state: Scenes.Simulation.Scripts.MissionSubState
[11:46:55:57] switching to sub-state: Scenes.Simulation.Scripts.MissionSubState
[11:46:55:57] switching to sub-state: Scenes.Simulation.Scripts.MissionSubState
[11:46:55:57] switching to sub-state: Scenes.Simulation.Scripts.MissionSubState
[11:46:55:57] switching to sub-state: Scenes.Simulation.Scripts.MissionSubState
[11:46:55:57] switching to sub-state: Scenes.Simulation.Scripts.MissionSubState
[11:46:55:57] switching to sub-state: Scenes.Simulation.Scripts.MissionSubState
[11:46:55:57] switching to sub-state: Scenes.Simulation.Scripts.MissionSubState
[11:46:55:57] switching to sub-state: Scenes.Simulation.Scripts.MissionSubState
[11:46:55:57] switching to sub-state: Scenes.Simulation.Scripts.MissionSubState
[11:46:55:57] switching to sub-state: Scenes.Simulation.Scripts.MissionSubState
[11:46:55:57] switching to sub-state: Scenes.Simulation.Scripts.MissionSubState
[11:46:55:57] switching to sub-state: Scenes.Simulation.Scripts.MissionSubState
[11:46:55:57] switching to sub-state: Scenes.Simulation.Scripts.MissionSubState
[11:46:55:57] switching to sub-state: Scenes.Simulation.Scripts.MissionSubState
[11:46:55:57] switching to sub-state: Scenes.Simulation.Scripts.MissionSubState
[11:46:55:58] switching to sub-state: Scenes.Simulation.Scripts.MissionSubState
[11:46:55:58] switching to sub-state: Scenes.Simulation.Scripts.MissionSubState
[11:46:55:58] switching to sub-state: Scenes.Simulation.Scripts.MissionSubState
[11:46:55:58] switching to sub-state: Scenes.Simulation.Scripts.MissionSubState
[11:46:55:58] switching to sub-state: Scenes.Simulation.Scripts.MissionSubState
[11:46:55:58] switching to sub-state: Scenes.Simulation.Scripts.MissionSubState
[11:46:55:58] switching to sub-state: Scenes.Simulation.Scripts.MissionSubState
[11:46:55:58] switching to sub-state: Scenes.Simulation.Scripts.MissionSubState
[11:46:55:58] loaded mission W-32_S-1 onto Screen
