[02:00:05:88] Log File created @D:/Users/sxlga/Documents/Studium/Master/Semester 3/AVRO Simulation/Assets\logs\2026-02-12-14-00.log
[02:00:06:79] Destroying Main Camera
[02:00:11:60] Destroying Main Camera
[02:00:16:36] switching to sub-state: Scenes.Simulation.Scripts.MissionSubState
[02:00:16:36] loaded mission W-56_S-1 onto Screen
[02:00:17:59] loaded mission W-22_S-1 onto Screen
[02:00:19:04] Mission W-22_S-1 Completed successfully
[02:00:20:03] loaded mission W-15_S-1 onto Screen
[02:00:21:01] Mission W-15_S-1 Completed successfully
[02:00:21:71] loaded mission W-14_S-2 onto Screen
[02:00:22:65] Mission W-14_S-2 Completed successfully
[02:00:23:40] loaded mission W-52_S-1 onto Screen
[02:00:24:35] Mission W-52_S-1 Completed successfully
[02:00:24:91] loaded mission W-30_S-1 onto Screen
[02:00:25:80] Mission W-30_S-1 Completed unsuccessfully
[02:00:27:10] loaded mission W-43_S-1 onto Screen
[02:00:28:14] Mission W-43_S-1 Completed unsuccessfully
[02:00:28:79] loaded mission W-56_S-1 onto Screen
[02:00:29:92] Mission W-56_S-1 Completed successfully
[02:00:31:49] loaded mission W-16_S-1 onto Screen
[02:00:32:46] Mission W-16_S-1 Completed successfully
[02:00:33:05] loaded mission W-44_S-2 onto Screen
[02:00:33:93] Mission W-44_S-2 Completed successfully
[02:00:34:60] loaded mission W-43_S-1 onto Screen
[02:00:35:52] Mission W-43_S-1 Completed unsuccessfully
[02:00:36:14] loaded mission W-1_S-2 onto Screen
[02:00:37:23] Mission W-1_S-2 Completed successfully
[02:00:37:75] loaded mission W-34_S-2 onto Screen
[02:00:38:97] Mission W-34_S-2 Completed successfully
[02:00:41:20] loaded mission W-22_S-1 onto Screen
[02:00:42:45] Mission W-22_S-1 Completed successfully
[02:00:43:14] loaded mission W-58_S-1 onto Screen
[02:00:44:53] Mission W-58_S-1 Completed unsuccessfully
