[11:56:28:14] Log File created @D:/Users/sxlga/Documents/Studium/Master/Semester 3/AVRO Simulation/Assets\logs\2026-02-12-11-56.log
[11:56:28:84] Destroying Main Camera
[11:56:31:30] Destroying Main Camera
[11:56:34:33] loaded motivational message onto Screen
[11:56:45:97] switching to sub-state: Scenes.Simulation.Scripts.MissionSubState
[11:56:45:97] loaded mission W-50_S-1 onto Screen
[11:56:49:42] loaded mission W-31_S-1 onto Screen
[11:56:50:84] loaded mission W-50_S-1 onto Screen
[11:56:52:16] Mission W-50_S-1 Completed unsuccessfully
[11:56:52:16] loaded motivational message onto Screen
[11:56:53:71] loaded mission W-31_S-1 onto Screen
[11:56:54:78] loaded mission W-31_S-1 onto Screen
[11:56:55:38] loaded mission W-22_S-1 onto Screen
[11:56:57:49] Mission W-22_S-1 Completed successfully
[11:56:57:50] loaded motivational message onto Screen
[11:56:58:37] loaded mission W-31_S-1 onto Screen
[11:57:00:24] Mission W-31_S-1 Completed successfully
[11:57:00:24] loaded motivational message onto Screen
[11:57:02:13] loaded mission W-22_S-1 onto Screen
[11:57:03:22] Mission W-22_S-1 Completed successfully
[11:57:03:22] loaded motivational message onto Screen
[11:57:06:48] loaded mission W-22_S-1 onto Screen
[11:57:08:83] Mission W-22_S-1 Completed successfully
[11:57:08:83] loaded motivational message onto Screen
[11:57:26:73] loaded mission W-44_S-1 onto Screen
[11:57:27:18] loaded mission W-36_S-1 onto Screen
[11:57:28:41] Mission W-36_S-1 Completed successfully
[11:57:28:41] loaded motivational message onto Screen
[11:57:29:74] loaded mission W-44_S-1 onto Screen
[11:57:30:23] loaded mission W-36_S-1 onto Screen
[11:57:31:20] Mission W-36_S-1 Completed successfully
[11:57:31:20] loaded motivational message onto Screen
[11:57:32:44] loaded mission W-44_S-1 onto Screen
[11:57:33:85] Mission W-44_S-1 Completed unsuccessfully
[11:57:33:85] loaded motivational message onto Screen
[11:57:34:84] loaded mission W-36_S-1 onto Screen
