[12:01:52:66] Log File created @D:/Users/sxlga/Documents/Studium/Master/Semester 3/AVRO Simulation/Assets\logs\2026-02-12-12-01.log
[12:01:53:49] Destroying Main Camera
[12:01:56:89] Destroying Main Camera
[12:01:59:55] loaded motivational message onto Screen
[12:02:11:51] switching to sub-state: Scenes.Simulation.Scripts.MissionSubState
[12:02:11:51] loaded mission W-46_S-1 onto Screen
[12:02:12:58] loaded mission W-27_S-1 onto Screen
[12:02:13:88] Mission W-27_S-1 Completed successfully
[12:02:13:88] loaded motivational message onto Screen
[12:02:22:01] loaded mission W-33_S-1 onto Screen
[12:02:22:45] loaded mission W-46_S-1 onto Screen
[12:02:24:04] Mission W-46_S-1 Completed unsuccessfully
[12:02:24:04] loaded motivational message onto Screen
[12:02:49:60] loaded mission W-58_S-1 onto Screen
[12:02:50:80] Mission W-58_S-1 Completed unsuccessfully
[12:02:59:57] loaded motivational message onto Screen
[12:03:08:44] loaded mission W-17_S-2 onto Screen
[12:03:09:74] Mission W-17_S-2 Completed successfully
[12:03:11:42] loaded motivational message onto Screen
[12:03:12:57] loaded mission W-2_S-1 onto Screen
[12:03:12:92] loaded mission W-33_S-1 onto Screen
[12:03:14:60] Mission W-33_S-1 Completed successfully
[12:03:20:89] loaded motivational message onto Screen
[12:03:51:79] loaded mission W-1_S-1 onto Screen
